
> saadhanaboard@0.0.0 build
> npm run dev:setup && tsc -b && vite build


> saadhanaboard@0.0.0 dev:setup
> node scripts/ensure-theme-assets.js && node scripts/generate-theme-manifest.cjs && node scripts/copy-theme-icons.cjs && node scripts/move-assets.js && node scripts/copy-all-theme-assets.js

Updated 1 assets for default theme
Theme assets updated: 1 files copied
[36mvite v7.1.12 [32mbuilding for production...[36m[39m
transforming...
node.exe : 
At C:\Users\Vaibhav\AppData\Roaming\npm\npm.ps1:24 char:5
+     & "node$exe"  
"$basedir/node_modules/npm/bin/npm-cli.js" $args
+     ~~~~~~~~~~~~~~~~~~~~~~~~~~~~~~~~~~~~~~~~~~~~~~~~~~~~
~~~~~~~~~~
    + CategoryInfo          : NotSpecified: (:String) [], 
    RemoteException
    + FullyQualifiedErrorId : NativeCommandError
 
/grid.svg referenced in /grid.svg didn't resolve at build 
time, it will remain unchanged to be resolved at runtime

/textures/parchment.jpg referenced in 
/textures/parchment.jpg didn't resolve at build time, it 
will remain unchanged to be resolved at runtime
[32mΓ£ô[39m 4128 modules transformed.
rendering chunks...
[33m[plugin vite:reporter] 
(!) D:/sadhanaboard/src/themes/default/index.ts is 
dynamically imported by 
D:/sadhanaboard/src/themes/index.ts but also statically 
imported by D:/sadhanaboard/src/themes/index.ts, dynamic 
import will not move module into another chunk.
[39m
[33m[plugin vite:reporter] 
(!) D:/sadhanaboard/src/themes/shiva/index.ts is 
dynamically imported by 
D:/sadhanaboard/src/themes/index.ts but also statically 
imported by D:/sadhanaboard/src/themes/index.ts, dynamic 
import will not move module into another chunk.
[39m
[33m[plugin vite:reporter] 
(!) D:/sadhanaboard/src/components/MahakaliAnimatedBackgro
und.tsx is dynamically imported by 
D:/sadhanaboard/src/components/ThemedBackground.tsx but 
also statically imported by 
D:/sadhanaboard/src/themes/mahakali/background.tsx, 
dynamic import will not move module into another chunk.
[39m
[33m[plugin vite:reporter] 
(!) D:/sadhanaboard/src/themes/mahakali/index.ts is 
dynamically imported by 
D:/sadhanaboard/src/themes/index.ts but also statically 
imported by D:/sadhanaboard/src/themes/index.ts, dynamic 
import will not move module into another chunk.
[39m
[33m[plugin vite:reporter] 
(!) D:/sadhanaboard/src/themes/mystery/index.ts is 
dynamically imported by 
D:/sadhanaboard/src/themes/index.ts but also statically 
imported by D:/sadhanaboard/src/themes/index.ts, dynamic 
import will not move module into another chunk.
[39m
[33m[plugin vite:reporter] 
(!) D:/sadhanaboard/src/themes/earth/index.ts is 
dynamically imported by 
D:/sadhanaboard/src/themes/index.ts but also statically 
imported by D:/sadhanaboard/src/themes/index.ts, dynamic 
import will not move module into another chunk.
[39m
[33m[plugin vite:reporter] 
(!) D:/sadhanaboard/src/themes/water/index.ts is 
dynamically imported by 
D:/sadhanaboard/src/themes/index.ts but also statically 
imported by D:/sadhanaboard/src/themes/index.ts, dynamic 
import will not move module into another chunk.
[39m
[33m[plugin vite:reporter] 
(!) D:/sadhanaboard/src/themes/fire/index.ts is 
dynamically imported by 
D:/sadhanaboard/src/themes/index.ts but also statically 
imported by D:/sadhanaboard/src/themes/index.ts, dynamic 
import will not move module into another chunk.
[39m
[33m[plugin vite:reporter] 
(!) D:/sadhanaboard/src/themes/bhairava/index.ts is 
dynamically imported by 
D:/sadhanaboard/src/themes/index.ts but also statically 
imported by D:/sadhanaboard/src/themes/index.ts, dynamic 
import will not move module into another chunk.
[39m
[33m[plugin vite:reporter] 
(!) D:/sadhanaboard/src/themes/serenity/index.ts is 
dynamically imported by 
D:/sadhanaboard/src/themes/index.ts but also statically 
imported by D:/sadhanaboard/src/themes/index.ts, dynamic 
import will not move module into another chunk.
[39m
[33m[plugin vite:reporter] 
(!) D:/sadhanaboard/src/themes/ganesha/index.ts is 
dynamically imported by 
D:/sadhanaboard/src/themes/index.ts but also statically 
imported by D:/sadhanaboard/src/themes/index.ts, dynamic 
import will not move module into another chunk.
[39m
[33m[plugin vite:reporter] 
(!) D:/sadhanaboard/src/themes/neon/index.ts is 
dynamically imported by 
D:/sadhanaboard/src/themes/index.ts but also statically 
imported by D:/sadhanaboard/src/themes/index.ts, dynamic 
import will not move module into another chunk.
[39m
[33m[plugin vite:reporter] 
(!) D:/sadhanaboard/src/themes/lakshmi/index.ts is 
dynamically imported by 
D:/sadhanaboard/src/themes/index.ts but also statically 
imported by D:/sadhanaboard/src/themes/index.ts, dynamic 
import will not move module into another chunk.
[39m
[33m[plugin vite:reporter] 
(!) D:/sadhanaboard/src/themes/tara/index.ts is 
dynamically imported by 
D:/sadhanaboard/src/themes/index.ts but also statically 
imported by D:/sadhanaboard/src/themes/index.ts, dynamic 
import will not move module into another chunk.
[39m
[33m[plugin vite:reporter] 
(!) D:/sadhanaboard/src/themes/vishnu/index.ts is 
dynamically imported by 
D:/sadhanaboard/src/themes/index.ts but also statically 
imported by D:/sadhanaboard/src/themes/index.ts, dynamic 
import will not move module into another chunk.
[39m
[33m[plugin vite:reporter] 
(!) D:/sadhanaboard/src/themes/krishna/index.ts is 
dynamically imported by 
D:/sadhanaboard/src/themes/index.ts but also statically 
imported by D:/sadhanaboard/src/themes/index.ts, dynamic 
import will not move module into another chunk.
[39m
[33m[plugin vite:reporter] 
(!) D:/sadhanaboard/src/themes/swamiji/index.ts is 
dynamically imported by 
D:/sadhanaboard/src/themes/index.ts but also statically 
imported by D:/sadhanaboard/src/themes/index.ts, dynamic 
import will not move module into another chunk.
[39m
[33m[plugin vite:reporter] 
(!) D:/sadhanaboard/src/themes/durga/index.ts is 
dynamically imported by 
D:/sadhanaboard/src/themes/index.ts but also statically 
imported by D:/sadhanaboard/src/themes/index.ts, dynamic 
import will not move module into another chunk.
[39m
[33m[plugin vite:reporter] 
(!) D:/sadhanaboard/src/themes/cosmos/index.ts is 
dynamically imported by 
D:/sadhanaboard/src/themes/index.ts but also statically 
imported by D:/sadhanaboard/src/themes/index.ts, dynamic 
import will not move module into another chunk.
[39m
computing gzip size...
[2mdist/[22m[32mindex.html                        [39m[1m[2m    1.76 kB[22m[1m[22m[2m Γöé gzip:     0.73 kB[22m
[2mdist/[22m[35massets/index-Bn9MoWD2.css         [39m[1m[2m  345.15 kB[22m[1m[22m[2m Γöé gzip:    50.95 kB[22m
[2mdist/[22m[36massets/CareersPage-CjqRbeUe.js    [39m[1m[2m   12.91 kB[22m[1m[22m[2m Γöé gzip:     3.64 kB[22m
[2mdist/[22m[36massets/ManifestoPage-IG93f90N.js  [39m[1m[2m   15.58 kB[22m[1m[22m[2m Γöé gzip:     3.58 kB[22m
[2mdist/[22m[36massets/index-Cp77Tkbn.js          [39m[1m[33m3,609.92 kB[39m[22m[2m Γöé gzip: 1,008.63 kB[22m
[33m
(!) Some chunks are larger than 1000 kB after 
minification. Consider:
- Using dynamic import() to code-split the application
- Use build.rollupOptions.output.manualChunks to improve 
chunking: https://rollupjs.org/configuration-options/#outp
ut-manualchunks
- Adjust chunk size limit for this warning via 
build.chunkSizeWarningLimit.[39m
[32mΓ£ô built in 44.50s[39m
