node.exe : (node:27920) [MONGOOSE] Warning: Duplicate 
schema index on {"userId":1} found. This is often due to 
declaring an index using both "index: true" and 
"schema.index()". Please remove the duplicate index 
definition.
At C:\Users\Vaibhav\AppData\Roaming\npm\npx.ps1:24 char:5
+     & "node$exe"  
"$basedir/node_modules/npm/bin/npx-cli.js" $args
+     ~~~~~~~~~~~~~~~~~~~~~~~~~~~~~~~~~~~~~~~~~~~~~~~~~~~~
~~~~~~~~~~
    + CategoryInfo          : NotSpecified: ((node:27920) 
    [M...dex definition.:String) [], RemoteException
    + FullyQualifiedErrorId : NativeCommandError
 
(Use `node --trace-warnings ...` to show where the 
warning was created)
(node:27920) [MONGOOSE] Warning: Duplicate schema index 
on {"status":1} found. This is often due to declaring an 
index using both "index: true" and "schema.index()". 
Please remove the duplicate index definition.
(node:27920) [MONGOOSE] Warning: Duplicate schema index 
on {"dueDate":1} found. This is often due to declaring an 
index using both "index: true" and "schema.index()". 
Please remove the duplicate index definition.
(node:27920) [MONGOOSE] Warning: Duplicate schema index 
on {"type":1} found. This is often due to declaring an 
index using both "index: true" and "schema.index()". 
Please remove the duplicate index definition.
(node:27920) [MONGOOSE] Warning: Duplicate schema index 
on {"isPublic":1} found. This is often due to declaring 
an index using both "index: true" and "schema.index()". 
Please remove the duplicate index definition.
(node:27920) [MONGOOSE] Warning: Duplicate schema index 
on {"email":1} found. This is often due to declaring an 
index using both "index: true" and "schema.index()". 
Please remove the duplicate index definition.
(node:27920) [MONGOOSE] Warning: Duplicate schema index 
on {"status":1} found. This is often due to declaring an 
index using both "index: true" and "schema.index()". 
Please remove the duplicate index definition.
(node:27920) [MONGOOSE] Warning: Duplicate schema index 
on {"userId":1} found. This is often due to declaring an 
index using both "index: true" and "schema.index()". 
Please remove the duplicate index definition.
(node:27920) [MONGOOSE] Warning: Duplicate schema index 
on {"actionType":1} found. This is often due to declaring 
an index using both "index: true" and "schema.index()". 
Please remove the duplicate index definition.
(node:27920) [MONGOOSE] Warning: Duplicate schema index 
on {"key":1} found. This is often due to declaring an 
index using both "index: true" and "schema.index()". 
Please remove the duplicate index definition.
(node:27920) [MONGOOSE] Warning: Duplicate schema index 
on {"adminId":1} found. This is often due to declaring an 
index using both "index: true" and "schema.index()". 
Please remove the duplicate index definition.
(node:27920) [MONGOOSE] Warning: Duplicate schema index 
on {"entityType":1} found. This is often due to declaring 
an index using both "index: true" and "schema.index()". 
Please remove the duplicate index definition.
(node:27920) [MONGOOSE] Warning: Duplicate schema index 
on {"status":1} found. This is often due to declaring an 
index using both "index: true" and "schema.index()". 
Please remove the duplicate index definition.
(node:27920) [MONGOOSE] Warning: Duplicate schema index 
on {"userId":1} found. This is often due to declaring an 
index using both "index: true" and "schema.index()". 
Please remove the duplicate index definition.
(node:27920) [MONGOOSE] Warning: Duplicate schema index 
on {"type":1} found. This is often due to declaring an 
index using both "index: true" and "schema.index()". 
Please remove the duplicate index definition.
(node:27920) [MONGOOSE] Warning: Duplicate schema index 
on {"linkedSadhanaId":1} found. This is often due to 
declaring an index using both "index: true" and 
"schema.index()". Please remove the duplicate index 
definition.
(node:27920) [MONGOOSE] Warning: Duplicate schema index 
on {"bookId":1} found. This is often due to declaring an 
index using both "index: true" and "schema.index()". 
Please remove the duplicate index definition.
(node:27920) [MONGOOSE] Warning: Duplicate schema index 
on {"userId":1} found. This is often due to declaring an 
index using both "index: true" and "schema.index()". 
Please remove the duplicate index definition.
(node:27920) [MONGOOSE] Warning: Duplicate schema index 
on {"status":1} found. This is often due to declaring an 
index using both "index: true" and "schema.index()". 
Please remove the duplicate index definition.
(node:27920) [MONGOOSE] Warning: Duplicate schema index 
on {"reporterId":1} found. This is often due to declaring 
an index using both "index: true" and "schema.index()". 
Please remove the duplicate index definition.
(node:27920) [MONGOOSE] Warning: Duplicate schema index 
on {"status":1} found. This is often due to declaring an 
index using both "index: true" and "schema.index()". 
Please remove the duplicate index definition.
(node:27920) [MONGOOSE] Warning: Duplicate schema index 
on {"severity":1} found. This is often due to declaring 
an index using both "index: true" and "schema.index()". 
Please remove the duplicate index definition.
(node:27920) [MONGOOSE] Warning: Duplicate schema index 
on {"status":1} found. This is often due to declaring an 
index using both "index: true" and "schema.index()". 
Please remove the duplicate index definition.
(node:27920) [MONGOOSE] Warning: Duplicate schema index 
on {"startDate":1} found. This is often due to declaring 
an index using both "index: true" and "schema.index()". 
Please remove the duplicate index definition.
(node:27920) [MONGOOSE] Warning: Duplicate schema index 
on {"experimentName":1} found. This is often due to 
declaring an index using both "index: true" and 
"schema.index()". Please remove the duplicate index 
definition.
(node:27920) [MONGOOSE] Warning: Duplicate schema index 
on {"userId":1} found. This is often due to declaring an 
index using both "index: true" and "schema.index()". 
Please remove the duplicate index definition.
(node:27920) [MONGOOSE] Warning: Duplicate schema index 
on {"status":1} found. This is often due to declaring an 
index using both "index: true" and "schema.index()". 
Please remove the duplicate index definition.
(node:27920) [MONGOOSE] Warning: Duplicate schema index 
on {"category":1} found. This is often due to declaring 
an index using both "index: true" and "schema.index()". 
Please remove the duplicate index definition.
(node:27920) [MONGOOSE] Warning: Duplicate schema index 
on {"userId":1} found. This is often due to declaring an 
index using both "index: true" and "schema.index()". 
Please remove the duplicate index definition.
(node:27920) [MONGOOSE] Warning: Duplicate schema index 
on {"syncEnabled":1} found. This is often due to 
declaring an index using both "index: true" and 
"schema.index()". Please remove the duplicate index 
definition.
(node:27920) [MONGOOSE] Warning: Duplicate schema index 
on {"creatorId":1} found. This is often due to declaring 
an index using both "index: true" and "schema.index()". 
Please remove the duplicate index definition.
(node:27920) [MONGOOSE] Warning: Duplicate schema index 
on {"isPublic":1} found. This is often due to declaring 
an index using both "index: true" and "schema.index()". 
Please remove the duplicate index definition.
(node:27920) [MONGOOSE] Warning: Duplicate schema index 
on {"privacyLevel":1} found. This is often due to 
declaring an index using both "index: true" and 
"schema.index()". Please remove the duplicate index 
definition.
(node:27920) [MONGOOSE] Warning: Duplicate schema index 
on {"category":1} found. This is often due to declaring 
an index using both "index: true" and "schema.index()". 
Please remove the duplicate index definition.
(node:27920) [MONGOOSE] Warning: Duplicate schema index 
on {"groupId":1} found. This is often due to declaring an 
index using both "index: true" and "schema.index()". 
Please remove the duplicate index definition.
(node:27920) [MONGOOSE] Warning: Duplicate schema index 
on {"userId":1} found. This is often due to declaring an 
index using both "index: true" and "schema.index()". 
Please remove the duplicate index definition.
(node:27920) [MONGOOSE] Warning: Duplicate schema index 
on {"mentorId":1} found. This is often due to declaring 
an index using both "index: true" and "schema.index()". 
Please remove the duplicate index definition.
(node:27920) [MONGOOSE] Warning: Duplicate schema index 
on {"menteeId":1} found. This is often due to declaring 
an index using both "index: true" and "schema.index()". 
Please remove the duplicate index definition.
(node:27920) [MONGOOSE] Warning: Duplicate schema index 
on {"status":1} found. This is often due to declaring an 
index using both "index: true" and "schema.index()". 
Please remove the duplicate index definition.
(node:27920) [MONGOOSE] Warning: Duplicate schema index 
on {"mentorshipId":1} found. This is often due to 
declaring an index using both "index: true" and 
"schema.index()". Please remove the duplicate index 
definition.
(node:27920) [MONGOOSE] Warning: Duplicate schema index 
on {"achieved":1} found. This is often due to declaring 
an index using both "index: true" and "schema.index()". 
Please remove the duplicate index definition.
(node:27920) [MONGOOSE] Warning: Duplicate schema index 
on {"userId":1} found. This is often due to declaring an 
index using both "index: true" and "schema.index()". 
Please remove the duplicate index definition.
(node:27920) [MONGOOSE] Warning: Duplicate schema index 
on {"userId":1} found. This is often due to declaring an 
index using both "index: true" and "schema.index()". 
Please remove the duplicate index definition.
(node:27920) [MONGOOSE] Warning: Duplicate schema index 
on {"sadhanaId":1} found. This is often due to declaring 
an index using both "index: true" and "schema.index()". 
Please remove the duplicate index definition.
(node:27920) [MONGOOSE] Warning: Duplicate schema index 
on {"userId":1} found. This is often due to declaring an 
index using both "index: true" and "schema.index()". 
Please remove the duplicate index definition.
(node:27920) [MONGOOSE] Warning: Duplicate schema index 
on {"parentCommentId":1} found. This is often due to 
declaring an index using both "index: true" and 
"schema.index()". Please remove the duplicate index 
definition.
(node:27920) [MONGOOSE] Warning: Duplicate schema index 
on {"sadhanaId":1} found. This is often due to declaring 
an index using both "index: true" and "schema.index()". 
Please remove the duplicate index definition.
(node:27920) [MONGOOSE] Warning: Duplicate schema index 
on {"userId":1} found. This is often due to declaring an 
index using both "index: true" and "schema.index()". 
Please remove the duplicate index definition.
(node:27920) [MONGOOSE] Warning: Duplicate schema index 
on {"sadhanaId":1} found. This is often due to declaring 
an index using both "index: true" and "schema.index()". 
Please remove the duplicate index definition.
(node:27920) [MONGOOSE] Warning: Duplicate schema index 
on {"userId":1} found. This is often due to declaring an 
index using both "index: true" and "schema.index()". 
Please remove the duplicate index definition.
(node:27920) [MONGOOSE] Warning: Duplicate schema index 
on {"status":1} found. This is often due to declaring an 
index using both "index: true" and "schema.index()". 
Please remove the duplicate index definition.
(node:27920) [MONGOOSE] Warning: Duplicate schema index 
on {"sadhanaId":1} found. This is often due to declaring 
an index using both "index: true" and "schema.index()". 
Please remove the duplicate index definition.
(node:27920) [MONGOOSE] Warning: Duplicate schema index 
on {"userId":1} found. This is often due to declaring an 
index using both "index: true" and "schema.index()". 
Please remove the duplicate index definition.
(node:27920) [MONGOOSE] Warning: Duplicate schema index 
on {"privacyLevel":1} found. This is often due to 
declaring an index using both "index: true" and 
"schema.index()". Please remove the duplicate index 
definition.
(node:27920) [MONGOOSE] Warning: Duplicate schema index 
on {"isActive":1} found. This is often due to declaring 
an index using both "index: true" and "schema.index()". 
Please remove the duplicate index definition.
(node:27920) [MONGOOSE] Warning: Duplicate schema index 
on {"isFeatured":1} found. This is often due to declaring 
an index using both "index: true" and "schema.index()". 
Please remove the duplicate index definition.
(node:27920) [MONGOOSE] Warning: Duplicate schema index 
on {"sharedSadhanaId":1} found. This is often due to 
declaring an index using both "index: true" and 
"schema.index()". Please remove the duplicate index 
definition.
(node:27920) [MONGOOSE] Warning: Duplicate schema index 
on {"userId":1} found. This is often due to declaring an 
index using both "index: true" and "schema.index()". 
Please remove the duplicate index definition.
(node:27920) [MONGOOSE] Warning: Duplicate schema index 
on {"userId":1} found. This is often due to declaring an 
index using both "index: true" and "schema.index()". 
Please remove the duplicate index definition.
(node:27920) [MONGOOSE] Warning: Duplicate schema index 
on {"status":1} found. This is often due to declaring an 
index using both "index: true" and "schema.index()". 
Please remove the duplicate index definition.
(node:27920) [MONGOOSE] Warning: Duplicate schema index 
on {"isPublic":1} found. This is often due to declaring 
an index using both "index: true" and "schema.index()". 
Please remove the duplicate index definition.
(node:27920) [MONGOOSE] Warning: Duplicate schema index 
on {"isFeatured":1} found. This is often due to declaring 
an index using both "index: true" and "schema.index()". 
Please remove the duplicate index definition.
(node:27920) [MONGOOSE] Warning: Duplicate schema index 
on {"userId":1} found. This is often due to declaring an 
index using both "index: true" and "schema.index()". 
Please remove the duplicate index definition.
(node:27920) [MONGOOSE] Warning: Duplicate schema index 
on {"status":1} found. This is often due to declaring an 
index using both "index: true" and "schema.index()". 
Please remove the duplicate index definition.
(node:27920) [MONGOOSE] Warning: Duplicate schema index 
on {"priority":1} found. This is often due to declaring 
an index using both "index: true" and "schema.index()". 
Please remove the duplicate index definition.
(node:27920) [MONGOOSE] Warning: Duplicate schema index 
on {"metricName":1} found. This is often due to declaring 
an index using both "index: true" and "schema.index()". 
Please remove the duplicate index definition.
(node:27920) [MONGOOSE] Warning: Duplicate schema index 
on {"userId":1} found. This is often due to declaring an 
index using both "index: true" and "schema.index()". 
Please remove the duplicate index definition.
(node:27920) [MONGOOSE] Warning: Duplicate schema index 
on {"isRead":1} found. This is often due to declaring an 
index using both "index: true" and "schema.index()". 
Please remove the duplicate index definition.
(node:27920) [MONGOOSE] Warning: Duplicate schema index 
on {"userId":1} found. This is often due to declaring an 
index using both "index: true" and "schema.index()". 
Please remove the duplicate index definition.
(node:27920) [MONGOOSE] Warning: Duplicate schema index 
on {"email":1} found. This is often due to declaring an 
index using both "index: true" and "schema.index()". 
Please remove the duplicate index definition.
(node:27920) [MONGOOSE] Warning: Duplicate schema index 
on {"status":1} found. This is often due to declaring an 
index using both "index: true" and "schema.index()". 
Please remove the duplicate index definition.
  console.error
    generateImageVariants error Error: Input file contains unsupported image format
        at Sharp.toFile (D:\sadhanaboard\backend\node_modules\sharp\lib\output.js:90:19)
        at Object.toFile [as generateImageVariants] (D:\sadhanaboard\backend\services\mediaProcessingService.js:29:68)
        at Object.generateImageVariants (D:\sadhanaboard\backend\tests\mediaProcessingService.test.js:41:36)
        at Promise.finally.completed (D:\sadhanaboard\backend\node_modules\jest-circus\build\jestAdapterInit.js:1557:28)
        at new Promise (<anonymous>)
        at callAsyncCircusFn (D:\sadhanaboard\backend\node_modules\jest-circus\build\jestAdapterInit.js:1497:10)
        at _callCircusTest (D:\sadhanaboard\backend\node_modules\jest-circus\build\jestAdapterInit.js:1007:40)
        at _runTest (D:\sadhanaboard\backend\node_modules\jest-circus\build\jestAdapterInit.js:947:3)
        at D:\sadhanaboard\backend\node_modules\jest-circus\build\jestAdapterInit.js:849:7
        at _runTestsForDescribeBlock (D:\sadhanaboard\backend\node_modules\jest-circus\build\jestAdapterInit.js:862:11)
        at _runTestsForDescribeBlock (D:\sadhanaboard\backend\node_modules\jest-circus\build\jestAdapterInit.js:857:11)
        at run (D:\sadhanaboard\backend\node_modules\jest-circus\build\jestAdapterInit.js:761:3)
        at runAndTransformResultsToJestFormat (D:\sadhanaboard\backend\node_modules\jest-circus\build\jestAdapterInit.js:1918:21)
        at jestAdapter (D:\sadhanaboard\backend\node_modules\jest-circus\build\runner.js:101:19)
        at runTestInternal (D:\sadhanaboard\backend\node_modules\jest-runner\build\index.js:275:16)
        at runTest (D:\sadhanaboard\backend\node_modules\jest-runner\build\index.js:343:7)

    [0m [90m 33 |[39m       [36mreturn[39m variants[33m;[39m
     [90m 34 |[39m     } [36mcatch[39m (e) {
    [31m[1m>[22m[39m[90m 35 |[39m       console[33m.[39merror([32m'generateImageVariants error'[39m[33m,[39m e)[33m;[39m
     [90m    |[39m               [31m[1m^[22m[39m
     [90m 36 |[39m       [36mthrow[39m e[33m;[39m
     [90m 37 |[39m     }
     [90m 38 |[39m   }[33m,[39m[0m

      at Object.error [as generateImageVariants] (services/mediaProcessingService.js:35:15)
      at Object.<anonymous> (tests/mediaProcessingService.test.js:41:17)

FAIL tests/mediaProcessingService.test.js
  mediaProcessingService
    ├ù generateImageVariants returns empty when sharp not 
available (185 ms)
    ├ù processAudio resolves with metadata and conversion 
when ffprobe/ffmpeg succeed (mocked) (18 ms)

  ΓùÅ mediaProcessingService ΓÇ║ generateImageVariants 
returns empty when sharp not available

    Input file contains unsupported image format

    [0m [90m 27 |[39m       [36mfor[39m 
([36mconst[39m s [36mof[39m sizes) {
     [90m 28 |[39m         [36mconst[39m outFile 
[33m=[39m path[33m.[39mjoin(outDir[33m,[39m 
[32m`${assetId}-${s.name}.jpg`[39m)[33m;[39m
    [31m[1m>[22m[39m[90m 29 |[39m         
[36mawait[39m sharp(srcPath)[33m.[39mresize(s[33m.[3
9mwidth)[33m.[39mjpeg({ quality[33m:[39m [35m75[39m 
})[33m.[39mtoFile(outFile)[33m;[39m
     [90m    |[39m                                      
                              [31m[1m^[22m[39m
     [90m 30 |[39m         [36mconst[39m stat 
[33m=[39m fs[33m.[39mstatSync(outFile)[33m;[39m
     [90m 31 |[39m         variants[33m.[39mpush({ 
variant_type[33m:[39m s[33m.[39mname[33m,[39m 
file_path[33m:[39m outFile[33m,[39m 
file_size[33m:[39m stat[33m.[39msize })[33m;[39m
     [90m 32 |[39m       }[0m

      at Sharp.toFile 
(node_modules/sharp/lib/output.js:90:19)
      at Object.toFile [as generateImageVariants] 
(services/mediaProcessingService.js:29:68)
      at Object.generateImageVariants 
(tests/mediaProcessingService.test.js:41:36)

  ΓùÅ mediaProcessingService ΓÇ║ processAudio resolves 
with metadata and conversion when ffprobe/ffmpeg succeed 
(mocked)

    ffprobe spawn error: spawn ffprobe ENOENT

    [0m [90m 60 |[39m       ffprobe[33m.[39mstdout[3
3m.[39mon([32m'data'[39m[33m,[39m (d) [33m=>[39m 
metadataOutput [33m+=[39m 
d[33m.[39mtoString())[33m;[39m
     [90m 61 |[39m       ffprobe[33m.[39mstderr[33m.
[39mon([32m'data'[39m[33m,[39m () [33m=>[39m 
{})[33m;[39m
    [31m[1m>[22m[39m[90m 62 |[39m       
ffprobe[33m.[39mon([32m'error'[39m[33m,[39m (err) 
[33m=>[39m reject([36mnew[39m 
[33mError[39m([32m`ffprobe spawn error: 
${err.message}`[39m)))[33m;[39m
     [90m    |[39m                                      
     [31m[1m^[22m[39m
     [90m 63 |[39m       
ffprobe[33m.[39mon([32m'close'[39m[33m,[39m (code) 
[33m=>[39m {
     [90m 64 |[39m         [36mif[39m (code 
[33m!==[39m [35m0[39m) [36mreturn[39m 
reject([36mnew[39m [33mError[39m([32m'ffmpeg/ffprobe 
not available'[39m))[33m;[39m
     [90m 65 |[39m         [36mlet[39m metadata 
[33m=[39m {}[33m;[39m[0m

      at ChildProcess.<anonymous> 
(services/mediaProcessingService.js:62:43)

(node:27920) [MONGOOSE] Warning: Duplicate schema index 
on {"userId":1} found. This is often due to declaring an 
index using both "index: true" and "schema.index()". 
Please remove the duplicate index definition.
(node:27920) [MONGOOSE] Warning: Duplicate schema index 
on {"status":1} found. This is often due to declaring an 
index using both "index: true" and "schema.index()". 
Please remove the duplicate index definition.
(node:27920) [MONGOOSE] Warning: Duplicate schema index 
on {"dueDate":1} found. This is often due to declaring an 
index using both "index: true" and "schema.index()". 
Please remove the duplicate index definition.
(node:27920) [MONGOOSE] Warning: Duplicate schema index 
on {"type":1} found. This is often due to declaring an 
index using both "index: true" and "schema.index()". 
Please remove the duplicate index definition.
(node:27920) [MONGOOSE] Warning: Duplicate schema index 
on {"isPublic":1} found. This is often due to declaring 
an index using both "index: true" and "schema.index()". 
Please remove the duplicate index definition.
(node:27920) [MONGOOSE] Warning: Duplicate schema index 
on {"email":1} found. This is often due to declaring an 
index using both "index: true" and "schema.index()". 
Please remove the duplicate index definition.
(node:27920) [MONGOOSE] Warning: Duplicate schema index 
on {"status":1} found. This is often due to declaring an 
index using both "index: true" and "schema.index()". 
Please remove the duplicate index definition.
(node:27920) [MONGOOSE] Warning: Duplicate schema index 
on {"userId":1} found. This is often due to declaring an 
index using both "index: true" and "schema.index()". 
Please remove the duplicate index definition.
(node:27920) [MONGOOSE] Warning: Duplicate schema index 
on {"actionType":1} found. This is often due to declaring 
an index using both "index: true" and "schema.index()". 
Please remove the duplicate index definition.
(node:27920) [MONGOOSE] Warning: Duplicate schema index 
on {"key":1} found. This is often due to declaring an 
index using both "index: true" and "schema.index()". 
Please remove the duplicate index definition.
(node:27920) [MONGOOSE] Warning: Duplicate schema index 
on {"adminId":1} found. This is often due to declaring an 
index using both "index: true" and "schema.index()". 
Please remove the duplicate index definition.
(node:27920) [MONGOOSE] Warning: Duplicate schema index 
on {"entityType":1} found. This is often due to declaring 
an index using both "index: true" and "schema.index()". 
Please remove the duplicate index definition.
(node:27920) [MONGOOSE] Warning: Duplicate schema index 
on {"status":1} found. This is often due to declaring an 
index using both "index: true" and "schema.index()". 
Please remove the duplicate index definition.
(node:27920) [MONGOOSE] Warning: Duplicate schema index 
on {"userId":1} found. This is often due to declaring an 
index using both "index: true" and "schema.index()". 
Please remove the duplicate index definition.
(node:27920) [MONGOOSE] Warning: Duplicate schema index 
on {"type":1} found. This is often due to declaring an 
index using both "index: true" and "schema.index()". 
Please remove the duplicate index definition.
(node:27920) [MONGOOSE] Warning: Duplicate schema index 
on {"linkedSadhanaId":1} found. This is often due to 
declaring an index using both "index: true" and 
"schema.index()". Please remove the duplicate index 
definition.
(node:27920) [MONGOOSE] Warning: Duplicate schema index 
on {"bookId":1} found. This is often due to declaring an 
index using both "index: true" and "schema.index()". 
Please remove the duplicate index definition.
(node:27920) [MONGOOSE] Warning: Duplicate schema index 
on {"userId":1} found. This is often due to declaring an 
index using both "index: true" and "schema.index()". 
Please remove the duplicate index definition.
(node:27920) [MONGOOSE] Warning: Duplicate schema index 
on {"status":1} found. This is often due to declaring an 
index using both "index: true" and "schema.index()". 
Please remove the duplicate index definition.
(node:27920) [MONGOOSE] Warning: Duplicate schema index 
on {"reporterId":1} found. This is often due to declaring 
an index using both "index: true" and "schema.index()". 
Please remove the duplicate index definition.
(node:27920) [MONGOOSE] Warning: Duplicate schema index 
on {"status":1} found. This is often due to declaring an 
index using both "index: true" and "schema.index()". 
Please remove the duplicate index definition.
(node:27920) [MONGOOSE] Warning: Duplicate schema index 
on {"severity":1} found. This is often due to declaring 
an index using both "index: true" and "schema.index()". 
Please remove the duplicate index definition.
(node:27920) [MONGOOSE] Warning: Duplicate schema index 
on {"status":1} found. This is often due to declaring an 
index using both "index: true" and "schema.index()". 
Please remove the duplicate index definition.
(node:27920) [MONGOOSE] Warning: Duplicate schema index 
on {"startDate":1} found. This is often due to declaring 
an index using both "index: true" and "schema.index()". 
Please remove the duplicate index definition.
(node:27920) [MONGOOSE] Warning: Duplicate schema index 
on {"experimentName":1} found. This is often due to 
declaring an index using both "index: true" and 
"schema.index()". Please remove the duplicate index 
definition.
(node:27920) [MONGOOSE] Warning: Duplicate schema index 
on {"userId":1} found. This is often due to declaring an 
index using both "index: true" and "schema.index()". 
Please remove the duplicate index definition.
(node:27920) [MONGOOSE] Warning: Duplicate schema index 
on {"status":1} found. This is often due to declaring an 
index using both "index: true" and "schema.index()". 
Please remove the duplicate index definition.
(node:27920) [MONGOOSE] Warning: Duplicate schema index 
on {"category":1} found. This is often due to declaring 
an index using both "index: true" and "schema.index()". 
Please remove the duplicate index definition.
(node:27920) [MONGOOSE] Warning: Duplicate schema index 
on {"userId":1} found. This is often due to declaring an 
index using both "index: true" and "schema.index()". 
Please remove the duplicate index definition.
(node:27920) [MONGOOSE] Warning: Duplicate schema index 
on {"syncEnabled":1} found. This is often due to 
declaring an index using both "index: true" and 
"schema.index()". Please remove the duplicate index 
definition.
(node:27920) [MONGOOSE] Warning: Duplicate schema index 
on {"creatorId":1} found. This is often due to declaring 
an index using both "index: true" and "schema.index()". 
Please remove the duplicate index definition.
(node:27920) [MONGOOSE] Warning: Duplicate schema index 
on {"isPublic":1} found. This is often due to declaring 
an index using both "index: true" and "schema.index()". 
Please remove the duplicate index definition.
(node:27920) [MONGOOSE] Warning: Duplicate schema index 
on {"privacyLevel":1} found. This is often due to 
declaring an index using both "index: true" and 
"schema.index()". Please remove the duplicate index 
definition.
(node:27920) [MONGOOSE] Warning: Duplicate schema index 
on {"category":1} found. This is often due to declaring 
an index using both "index: true" and "schema.index()". 
Please remove the duplicate index definition.
(node:27920) [MONGOOSE] Warning: Duplicate schema index 
on {"groupId":1} found. This is often due to declaring an 
index using both "index: true" and "schema.index()". 
Please remove the duplicate index definition.
(node:27920) [MONGOOSE] Warning: Duplicate schema index 
on {"userId":1} found. This is often due to declaring an 
index using both "index: true" and "schema.index()". 
Please remove the duplicate index definition.
(node:27920) [MONGOOSE] Warning: Duplicate schema index 
on {"mentorId":1} found. This is often due to declaring 
an index using both "index: true" and "schema.index()". 
Please remove the duplicate index definition.
(node:27920) [MONGOOSE] Warning: Duplicate schema index 
on {"menteeId":1} found. This is often due to declaring 
an index using both "index: true" and "schema.index()". 
Please remove the duplicate index definition.
(node:27920) [MONGOOSE] Warning: Duplicate schema index 
on {"status":1} found. This is often due to declaring an 
index using both "index: true" and "schema.index()". 
Please remove the duplicate index definition.
(node:27920) [MONGOOSE] Warning: Duplicate schema index 
on {"mentorshipId":1} found. This is often due to 
declaring an index using both "index: true" and 
"schema.index()". Please remove the duplicate index 
definition.
(node:27920) [MONGOOSE] Warning: Duplicate schema index 
on {"achieved":1} found. This is often due to declaring 
an index using both "index: true" and "schema.index()". 
Please remove the duplicate index definition.
(node:27920) [MONGOOSE] Warning: Duplicate schema index 
on {"userId":1} found. This is often due to declaring an 
index using both "index: true" and "schema.index()". 
Please remove the duplicate index definition.
(node:27920) [MONGOOSE] Warning: Duplicate schema index 
on {"userId":1} found. This is often due to declaring an 
index using both "index: true" and "schema.index()". 
Please remove the duplicate index definition.
(node:27920) [MONGOOSE] Warning: Duplicate schema index 
on {"sadhanaId":1} found. This is often due to declaring 
an index using both "index: true" and "schema.index()". 
Please remove the duplicate index definition.
(node:27920) [MONGOOSE] Warning: Duplicate schema index 
on {"userId":1} found. This is often due to declaring an 
index using both "index: true" and "schema.index()". 
Please remove the duplicate index definition.
(node:27920) [MONGOOSE] Warning: Duplicate schema index 
on {"parentCommentId":1} found. This is often due to 
declaring an index using both "index: true" and 
"schema.index()". Please remove the duplicate index 
definition.
(node:27920) [MONGOOSE] Warning: Duplicate schema index 
on {"sadhanaId":1} found. This is often due to declaring 
an index using both "index: true" and "schema.index()". 
Please remove the duplicate index definition.
(node:27920) [MONGOOSE] Warning: Duplicate schema index 
on {"userId":1} found. This is often due to declaring an 
index using both "index: true" and "schema.index()". 
Please remove the duplicate index definition.
(node:27920) [MONGOOSE] Warning: Duplicate schema index 
on {"sadhanaId":1} found. This is often due to declaring 
an index using both "index: true" and "schema.index()". 
Please remove the duplicate index definition.
(node:27920) [MONGOOSE] Warning: Duplicate schema index 
on {"userId":1} found. This is often due to declaring an 
index using both "index: true" and "schema.index()". 
Please remove the duplicate index definition.
(node:27920) [MONGOOSE] Warning: Duplicate schema index 
on {"status":1} found. This is often due to declaring an 
index using both "index: true" and "schema.index()". 
Please remove the duplicate index definition.
(node:27920) [MONGOOSE] Warning: Duplicate schema index 
on {"sadhanaId":1} found. This is often due to declaring 
an index using both "index: true" and "schema.index()". 
Please remove the duplicate index definition.
(node:27920) [MONGOOSE] Warning: Duplicate schema index 
on {"userId":1} found. This is often due to declaring an 
index using both "index: true" and "schema.index()". 
Please remove the duplicate index definition.
(node:27920) [MONGOOSE] Warning: Duplicate schema index 
on {"privacyLevel":1} found. This is often due to 
declaring an index using both "index: true" and 
"schema.index()". Please remove the duplicate index 
definition.
(node:27920) [MONGOOSE] Warning: Duplicate schema index 
on {"isActive":1} found. This is often due to declaring 
an index using both "index: true" and "schema.index()". 
Please remove the duplicate index definition.
(node:27920) [MONGOOSE] Warning: Duplicate schema index 
on {"isFeatured":1} found. This is often due to declaring 
an index using both "index: true" and "schema.index()". 
Please remove the duplicate index definition.
(node:27920) [MONGOOSE] Warning: Duplicate schema index 
on {"sharedSadhanaId":1} found. This is often due to 
declaring an index using both "index: true" and 
"schema.index()". Please remove the duplicate index 
definition.
(node:27920) [MONGOOSE] Warning: Duplicate schema index 
on {"userId":1} found. This is often due to declaring an 
index using both "index: true" and "schema.index()". 
Please remove the duplicate index definition.
(node:27920) [MONGOOSE] Warning: Duplicate schema index 
on {"userId":1} found. This is often due to declaring an 
index using both "index: true" and "schema.index()". 
Please remove the duplicate index definition.
(node:27920) [MONGOOSE] Warning: Duplicate schema index 
on {"status":1} found. This is often due to declaring an 
index using both "index: true" and "schema.index()". 
Please remove the duplicate index definition.
(node:27920) [MONGOOSE] Warning: Duplicate schema index 
on {"isPublic":1} found. This is often due to declaring 
an index using both "index: true" and "schema.index()". 
Please remove the duplicate index definition.
(node:27920) [MONGOOSE] Warning: Duplicate schema index 
on {"isFeatured":1} found. This is often due to declaring 
an index using both "index: true" and "schema.index()". 
Please remove the duplicate index definition.
(node:27920) [MONGOOSE] Warning: Duplicate schema index 
on {"userId":1} found. This is often due to declaring an 
index using both "index: true" and "schema.index()". 
Please remove the duplicate index definition.
(node:27920) [MONGOOSE] Warning: Duplicate schema index 
on {"status":1} found. This is often due to declaring an 
index using both "index: true" and "schema.index()". 
Please remove the duplicate index definition.
(node:27920) [MONGOOSE] Warning: Duplicate schema index 
on {"priority":1} found. This is often due to declaring 
an index using both "index: true" and "schema.index()". 
Please remove the duplicate index definition.
(node:27920) [MONGOOSE] Warning: Duplicate schema index 
on {"metricName":1} found. This is often due to declaring 
an index using both "index: true" and "schema.index()". 
Please remove the duplicate index definition.
(node:27920) [MONGOOSE] Warning: Duplicate schema index 
on {"userId":1} found. This is often due to declaring an 
index using both "index: true" and "schema.index()". 
Please remove the duplicate index definition.
(node:27920) [MONGOOSE] Warning: Duplicate schema index 
on {"isRead":1} found. This is often due to declaring an 
index using both "index: true" and "schema.index()". 
Please remove the duplicate index definition.
(node:27920) [MONGOOSE] Warning: Duplicate schema index 
on {"userId":1} found. This is often due to declaring an 
index using both "index: true" and "schema.index()". 
Please remove the duplicate index definition.
(node:27920) [MONGOOSE] Warning: Duplicate schema index 
on {"email":1} found. This is often due to declaring an 
index using both "index: true" and "schema.index()". 
Please remove the duplicate index definition.
(node:27920) [MONGOOSE] Warning: Duplicate schema index 
on {"status":1} found. This is often due to declaring an 
index using both "index: true" and "schema.index()". 
Please remove the duplicate index definition.
FAIL tests/integration.test.js
  PHASE 3 - MONGODB MIGRATION INTEGRATION TESTS
    MongoDB Atlas Connection Validation
      ΓêÜ Should have valid MongoDB connection string (3 
ms)
      ├ù Should establish connection to MongoDB Atlas (4 
ms)
    Mongoose Schema Validation
      ├ù Should load all required models (3 ms)
      ΓêÜ All models should have valid schema definitions 
(2 ms)
    Service Layer Validation
      ΓêÜ Tier 1 services should load without errors (2 
ms)
      ├ù Tier 2 services should load without errors (3 ms)
      ΓêÜ Tier 3 services should load without errors (2 
ms)
      ΓêÜ No services should use deprecated db.query() (1 
ms)
      ΓêÜ No services should extend BaseService (3 ms)
    Mongoose Operations Validation
      ΓêÜ Should support create operations (INSERT 
equivalent) (3 ms)
      ΓêÜ Should support find operations (SELECT 
equivalent) (2 ms)
      ΓêÜ Should support update operations (UPDATE 
equivalent) (2 ms)
      ΓêÜ Should support delete operations (DELETE 
equivalent) (6 ms)
      ΓêÜ Should support aggregation pipeline operations 
(1 ms)
    Field Naming Convention Validation
      ΓêÜ All fields should use camelCase (MongoDB 
convention) (2 ms)
      ΓêÜ No fields should use snake_case (old PostgreSQL 
convention) (2 ms)
    Mongoose Relationship Validation
      ΓêÜ Should support populate() for references (2 ms)
      ΓêÜ Should support aggregation $lookup for joins (1 
ms)
    Error Handling Validation
      ΓêÜ Services should have try-catch error handling 
(1 ms)
      ΓêÜ Services should return meaningful error 
messages (2 ms)
    Data Consistency Validation
      ΓêÜ All timestamps should use MongoDB Date type (1 
ms)
      ΓêÜ ObjectId fields should be properly typed (1 ms)
    Advanced Aggregation Support
      ΓêÜ Should support $match stage (1 ms)
      ΓêÜ Should support $group stage for analytics (1 ms)
      ΓêÜ Should support $lookup for complex joins (2 ms)
      ΓêÜ Should support sorting and pagination (2 ms)
    Backward Compatibility Validation
      ΓêÜ All refactored services should maintain 
existing API signatures (2 ms)
      ΓêÜ No breaking changes to service return values (2 
ms)
    FINAL VERIFICATION
      ΓêÜ All 45 services should be MongoDB-compatible (1 
ms)
      ΓêÜ Phase 3 Service Refactoring should be 100% 
complete (2 ms)

  ΓùÅ PHASE 3 - MONGODB MIGRATION INTEGRATION TESTS ΓÇ║ 
MongoDB Atlas Connection Validation ΓÇ║ Should establish 
connection to MongoDB Atlas

    assert.fail(received, expected)

    Message:
      MongoDB connection error: MongoDB connection not 
ready

    [0m [90m 59 |[39m         assert(isConnected 
[33m||[39m 
mongoose[33m.[39mconnection[33m.[39mreadyState 
[33m===[39m [35m2[39m[33m,[39m [32m'MongoDB 
connection not ready'[39m)[33m;[39m
     [90m 60 |[39m       } [36mcatch[39m (error) {
    [31m[1m>[22m[39m[90m 61 |[39m         
assert[33m.[39mfail([32m`MongoDB connection error: 
${error.message}`[39m)[33m;[39m
     [90m    |[39m                [31m[1m^[22m[39m
     [90m 62 |[39m       }
     [90m 63 |[39m     })[33m;[39m
     [90m 64 |[39m   })[33m;[39m[0m

      at Object.fail (tests/integration.test.js:61:16)

  ΓùÅ PHASE 3 - MONGODB MIGRATION INTEGRATION TESTS ΓÇ║ 
Mongoose Schema Validation ΓÇ║ Should load all required 
models

    assert.strictEqual(received, expected)

    Expected value to strictly be equal to:
      0
    Received:
      2

    Message:
      Missing models: Achievement, Theme

    2 !== 0

    [0m [90m 84 |[39m         })[33m;[39m
     [90m 85 |[39m
    [31m[1m>[22m[39m[90m 86 |[39m         assert[33
m.[39mstrictEqual(missingModels[33m.[39mlength[33m,[3
9m [35m0[39m[33m,[39m [32m`Missing models: 
${missingModels.join(', ')}`[39m)[33m;[39m
     [90m    |[39m                [31m[1m^[22m[39m
     [90m 87 |[39m         done()[33m;[39m
     [90m 88 |[39m       } [36mcatch[39m (error) {
     [90m 89 |[39m         done(error)[33m;[39m[0m

      at Object.strictEqual 
(tests/integration.test.js:86:16)

  ΓùÅ PHASE 3 - MONGODB MIGRATION INTEGRATION TESTS ΓÇ║ 
Service Layer Validation ΓÇ║ Tier 2 services should load 
without errors

    assert(received)

    Expected value to be equal to:
      true
    Received:
      false

    Message:
      Expected 18 Tier 2 services, got 17

    [0m [90m 118 |[39m       [36mtry[39m {
     [90m 119 |[39m         [36mconst[39m 
serviceCount [33m=[39m testSuites[33m.[39mtier2[33m.
[39mservices[33m.[39mlength[33m;[39m
    [31m[1m>[22m[39m[90m 120 |[39m         
assert(serviceCount [33m===[39m [35m18[39m[33m,[39m 
[32m`Expected 18 Tier 2 services, got 
${serviceCount}`[39m)[33m;[39m
     [90m     |[39m         [31m[1m^[22m[39m
     [90m 121 |[39m         done()[33m;[39m
     [90m 122 |[39m       } [36mcatch[39m (error) {
     [90m 123 |[39m         done(error)[33m;[39m[0m

      at Object.assert (tests/integration.test.js:120:9)

(node:27920) [MONGOOSE] Warning: Duplicate schema index 
on {"userId":1} found. This is often due to declaring an 
index using both "index: true" and "schema.index()". 
Please remove the duplicate index definition.
(node:27920) [MONGOOSE] Warning: Duplicate schema index 
on {"status":1} found. This is often due to declaring an 
index using both "index: true" and "schema.index()". 
Please remove the duplicate index definition.
(node:27920) [MONGOOSE] Warning: Duplicate schema index 
on {"dueDate":1} found. This is often due to declaring an 
index using both "index: true" and "schema.index()". 
Please remove the duplicate index definition.
(node:27920) [MONGOOSE] Warning: Duplicate schema index 
on {"type":1} found. This is often due to declaring an 
index using both "index: true" and "schema.index()". 
Please remove the duplicate index definition.
(node:27920) [MONGOOSE] Warning: Duplicate schema index 
on {"isPublic":1} found. This is often due to declaring 
an index using both "index: true" and "schema.index()". 
Please remove the duplicate index definition.
(node:27920) [MONGOOSE] Warning: Duplicate schema index 
on {"email":1} found. This is often due to declaring an 
index using both "index: true" and "schema.index()". 
Please remove the duplicate index definition.
(node:27920) [MONGOOSE] Warning: Duplicate schema index 
on {"status":1} found. This is often due to declaring an 
index using both "index: true" and "schema.index()". 
Please remove the duplicate index definition.
(node:27920) [MONGOOSE] Warning: Duplicate schema index 
on {"userId":1} found. This is often due to declaring an 
index using both "index: true" and "schema.index()". 
Please remove the duplicate index definition.
(node:27920) [MONGOOSE] Warning: Duplicate schema index 
on {"actionType":1} found. This is often due to declaring 
an index using both "index: true" and "schema.index()". 
Please remove the duplicate index definition.
(node:27920) [MONGOOSE] Warning: Duplicate schema index 
on {"key":1} found. This is often due to declaring an 
index using both "index: true" and "schema.index()". 
Please remove the duplicate index definition.
(node:27920) [MONGOOSE] Warning: Duplicate schema index 
on {"adminId":1} found. This is often due to declaring an 
index using both "index: true" and "schema.index()". 
Please remove the duplicate index definition.
(node:27920) [MONGOOSE] Warning: Duplicate schema index 
on {"entityType":1} found. This is often due to declaring 
an index using both "index: true" and "schema.index()". 
Please remove the duplicate index definition.
(node:27920) [MONGOOSE] Warning: Duplicate schema index 
on {"status":1} found. This is often due to declaring an 
index using both "index: true" and "schema.index()". 
Please remove the duplicate index definition.
(node:27920) [MONGOOSE] Warning: Duplicate schema index 
on {"userId":1} found. This is often due to declaring an 
index using both "index: true" and "schema.index()". 
Please remove the duplicate index definition.
(node:27920) [MONGOOSE] Warning: Duplicate schema index 
on {"type":1} found. This is often due to declaring an 
index using both "index: true" and "schema.index()". 
Please remove the duplicate index definition.
(node:27920) [MONGOOSE] Warning: Duplicate schema index 
on {"linkedSadhanaId":1} found. This is often due to 
declaring an index using both "index: true" and 
"schema.index()". Please remove the duplicate index 
definition.
(node:27920) [MONGOOSE] Warning: Duplicate schema index 
on {"bookId":1} found. This is often due to declaring an 
index using both "index: true" and "schema.index()". 
Please remove the duplicate index definition.
(node:27920) [MONGOOSE] Warning: Duplicate schema index 
on {"userId":1} found. This is often due to declaring an 
index using both "index: true" and "schema.index()". 
Please remove the duplicate index definition.
(node:27920) [MONGOOSE] Warning: Duplicate schema index 
on {"status":1} found. This is often due to declaring an 
index using both "index: true" and "schema.index()". 
Please remove the duplicate index definition.
(node:27920) [MONGOOSE] Warning: Duplicate schema index 
on {"reporterId":1} found. This is often due to declaring 
an index using both "index: true" and "schema.index()". 
Please remove the duplicate index definition.
(node:27920) [MONGOOSE] Warning: Duplicate schema index 
on {"status":1} found. This is often due to declaring an 
index using both "index: true" and "schema.index()". 
Please remove the duplicate index definition.
(node:27920) [MONGOOSE] Warning: Duplicate schema index 
on {"severity":1} found. This is often due to declaring 
an index using both "index: true" and "schema.index()". 
Please remove the duplicate index definition.
(node:27920) [MONGOOSE] Warning: Duplicate schema index 
on {"status":1} found. This is often due to declaring an 
index using both "index: true" and "schema.index()". 
Please remove the duplicate index definition.
(node:27920) [MONGOOSE] Warning: Duplicate schema index 
on {"startDate":1} found. This is often due to declaring 
an index using both "index: true" and "schema.index()". 
Please remove the duplicate index definition.
(node:27920) [MONGOOSE] Warning: Duplicate schema index 
on {"experimentName":1} found. This is often due to 
declaring an index using both "index: true" and 
"schema.index()". Please remove the duplicate index 
definition.
(node:27920) [MONGOOSE] Warning: Duplicate schema index 
on {"userId":1} found. This is often due to declaring an 
index using both "index: true" and "schema.index()". 
Please remove the duplicate index definition.
(node:27920) [MONGOOSE] Warning: Duplicate schema index 
on {"status":1} found. This is often due to declaring an 
index using both "index: true" and "schema.index()". 
Please remove the duplicate index definition.
(node:27920) [MONGOOSE] Warning: Duplicate schema index 
on {"category":1} found. This is often due to declaring 
an index using both "index: true" and "schema.index()". 
Please remove the duplicate index definition.
(node:27920) [MONGOOSE] Warning: Duplicate schema index 
on {"userId":1} found. This is often due to declaring an 
index using both "index: true" and "schema.index()". 
Please remove the duplicate index definition.
(node:27920) [MONGOOSE] Warning: Duplicate schema index 
on {"syncEnabled":1} found. This is often due to 
declaring an index using both "index: true" and 
"schema.index()". Please remove the duplicate index 
definition.
(node:27920) [MONGOOSE] Warning: Duplicate schema index 
on {"creatorId":1} found. This is often due to declaring 
an index using both "index: true" and "schema.index()". 
Please remove the duplicate index definition.
(node:27920) [MONGOOSE] Warning: Duplicate schema index 
on {"isPublic":1} found. This is often due to declaring 
an index using both "index: true" and "schema.index()". 
Please remove the duplicate index definition.
(node:27920) [MONGOOSE] Warning: Duplicate schema index 
on {"privacyLevel":1} found. This is often due to 
declaring an index using both "index: true" and 
"schema.index()". Please remove the duplicate index 
definition.
(node:27920) [MONGOOSE] Warning: Duplicate schema index 
on {"category":1} found. This is often due to declaring 
an index using both "index: true" and "schema.index()". 
Please remove the duplicate index definition.
(node:27920) [MONGOOSE] Warning: Duplicate schema index 
on {"groupId":1} found. This is often due to declaring an 
index using both "index: true" and "schema.index()". 
Please remove the duplicate index definition.
(node:27920) [MONGOOSE] Warning: Duplicate schema index 
on {"userId":1} found. This is often due to declaring an 
index using both "index: true" and "schema.index()". 
Please remove the duplicate index definition.
(node:27920) [MONGOOSE] Warning: Duplicate schema index 
on {"mentorId":1} found. This is often due to declaring 
an index using both "index: true" and "schema.index()". 
Please remove the duplicate index definition.
(node:27920) [MONGOOSE] Warning: Duplicate schema index 
on {"menteeId":1} found. This is often due to declaring 
an index using both "index: true" and "schema.index()". 
Please remove the duplicate index definition.
(node:27920) [MONGOOSE] Warning: Duplicate schema index 
on {"status":1} found. This is often due to declaring an 
index using both "index: true" and "schema.index()". 
Please remove the duplicate index definition.
(node:27920) [MONGOOSE] Warning: Duplicate schema index 
on {"mentorshipId":1} found. This is often due to 
declaring an index using both "index: true" and 
"schema.index()". Please remove the duplicate index 
definition.
(node:27920) [MONGOOSE] Warning: Duplicate schema index 
on {"achieved":1} found. This is often due to declaring 
an index using both "index: true" and "schema.index()". 
Please remove the duplicate index definition.
(node:27920) [MONGOOSE] Warning: Duplicate schema index 
on {"userId":1} found. This is often due to declaring an 
index using both "index: true" and "schema.index()". 
Please remove the duplicate index definition.
(node:27920) [MONGOOSE] Warning: Duplicate schema index 
on {"userId":1} found. This is often due to declaring an 
index using both "index: true" and "schema.index()". 
Please remove the duplicate index definition.
(node:27920) [MONGOOSE] Warning: Duplicate schema index 
on {"sadhanaId":1} found. This is often due to declaring 
an index using both "index: true" and "schema.index()". 
Please remove the duplicate index definition.
(node:27920) [MONGOOSE] Warning: Duplicate schema index 
on {"userId":1} found. This is often due to declaring an 
index using both "index: true" and "schema.index()". 
Please remove the duplicate index definition.
(node:27920) [MONGOOSE] Warning: Duplicate schema index 
on {"parentCommentId":1} found. This is often due to 
declaring an index using both "index: true" and 
"schema.index()". Please remove the duplicate index 
definition.
(node:27920) [MONGOOSE] Warning: Duplicate schema index 
on {"sadhanaId":1} found. This is often due to declaring 
an index using both "index: true" and "schema.index()". 
Please remove the duplicate index definition.
(node:27920) [MONGOOSE] Warning: Duplicate schema index 
on {"userId":1} found. This is often due to declaring an 
index using both "index: true" and "schema.index()". 
Please remove the duplicate index definition.
(node:27920) [MONGOOSE] Warning: Duplicate schema index 
on {"sadhanaId":1} found. This is often due to declaring 
an index using both "index: true" and "schema.index()". 
Please remove the duplicate index definition.
(node:27920) [MONGOOSE] Warning: Duplicate schema index 
on {"userId":1} found. This is often due to declaring an 
index using both "index: true" and "schema.index()". 
Please remove the duplicate index definition.
(node:27920) [MONGOOSE] Warning: Duplicate schema index 
on {"status":1} found. This is often due to declaring an 
index using both "index: true" and "schema.index()". 
Please remove the duplicate index definition.
(node:27920) [MONGOOSE] Warning: Duplicate schema index 
on {"sadhanaId":1} found. This is often due to declaring 
an index using both "index: true" and "schema.index()". 
Please remove the duplicate index definition.
(node:27920) [MONGOOSE] Warning: Duplicate schema index 
on {"userId":1} found. This is often due to declaring an 
index using both "index: true" and "schema.index()". 
Please remove the duplicate index definition.
(node:27920) [MONGOOSE] Warning: Duplicate schema index 
on {"privacyLevel":1} found. This is often due to 
declaring an index using both "index: true" and 
"schema.index()". Please remove the duplicate index 
definition.
(node:27920) [MONGOOSE] Warning: Duplicate schema index 
on {"isActive":1} found. This is often due to declaring 
an index using both "index: true" and "schema.index()". 
Please remove the duplicate index definition.
(node:27920) [MONGOOSE] Warning: Duplicate schema index 
on {"isFeatured":1} found. This is often due to declaring 
an index using both "index: true" and "schema.index()". 
Please remove the duplicate index definition.
(node:27920) [MONGOOSE] Warning: Duplicate schema index 
on {"sharedSadhanaId":1} found. This is often due to 
declaring an index using both "index: true" and 
"schema.index()". Please remove the duplicate index 
definition.
(node:27920) [MONGOOSE] Warning: Duplicate schema index 
on {"userId":1} found. This is often due to declaring an 
index using both "index: true" and "schema.index()". 
Please remove the duplicate index definition.
(node:27920) [MONGOOSE] Warning: Duplicate schema index 
on {"userId":1} found. This is often due to declaring an 
index using both "index: true" and "schema.index()". 
Please remove the duplicate index definition.
(node:27920) [MONGOOSE] Warning: Duplicate schema index 
on {"status":1} found. This is often due to declaring an 
index using both "index: true" and "schema.index()". 
Please remove the duplicate index definition.
(node:27920) [MONGOOSE] Warning: Duplicate schema index 
on {"isPublic":1} found. This is often due to declaring 
an index using both "index: true" and "schema.index()". 
Please remove the duplicate index definition.
(node:27920) [MONGOOSE] Warning: Duplicate schema index 
on {"isFeatured":1} found. This is often due to declaring 
an index using both "index: true" and "schema.index()". 
Please remove the duplicate index definition.
(node:27920) [MONGOOSE] Warning: Duplicate schema index 
on {"userId":1} found. This is often due to declaring an 
index using both "index: true" and "schema.index()". 
Please remove the duplicate index definition.
(node:27920) [MONGOOSE] Warning: Duplicate schema index 
on {"status":1} found. This is often due to declaring an 
index using both "index: true" and "schema.index()". 
Please remove the duplicate index definition.
(node:27920) [MONGOOSE] Warning: Duplicate schema index 
on {"priority":1} found. This is often due to declaring 
an index using both "index: true" and "schema.index()". 
Please remove the duplicate index definition.
(node:27920) [MONGOOSE] Warning: Duplicate schema index 
on {"metricName":1} found. This is often due to declaring 
an index using both "index: true" and "schema.index()". 
Please remove the duplicate index definition.
(node:27920) [MONGOOSE] Warning: Duplicate schema index 
on {"userId":1} found. This is often due to declaring an 
index using both "index: true" and "schema.index()". 
Please remove the duplicate index definition.
(node:27920) [MONGOOSE] Warning: Duplicate schema index 
on {"isRead":1} found. This is often due to declaring an 
index using both "index: true" and "schema.index()". 
Please remove the duplicate index definition.
(node:27920) [MONGOOSE] Warning: Duplicate schema index 
on {"userId":1} found. This is often due to declaring an 
index using both "index: true" and "schema.index()". 
Please remove the duplicate index definition.
(node:27920) [MONGOOSE] Warning: Duplicate schema index 
on {"email":1} found. This is often due to declaring an 
index using both "index: true" and "schema.index()". 
Please remove the duplicate index definition.
(node:27920) [MONGOOSE] Warning: Duplicate schema index 
on {"status":1} found. This is often due to declaring an 
index using both "index: true" and "schema.index()". 
Please remove the duplicate index definition.
FAIL tests/reminderService.test.js
  reminderService
    ├ù should schedule a job when creating a template 
with cron and enabled (8 ms)
    ├ù updateTemplate should reschedule even when 
schedule_cron not changed (9 ms)

  ΓùÅ reminderService ΓÇ║ should schedule a job when 
creating a template with cron and enabled

    Cannot find module './notificationService' from 
'D:\sadhanaboard\backend\services'

    [0m [90m 63 |[39m     })[33m;[39m
     [90m 64 |[39m     
    [31m[1m>[22m[39m[90m 65 |[39m     
reminderService [33m=[39m proxyquire([32m'../services/r
eminderService'[39m[33m,[39m {
     [90m    |[39m                       
[31m[1m^[22m[39m
     [90m 66 |[39m       
[32m'../models/index.js'[39m[33m:[39m { 
[33mAdminReminderTemplate[39m[33m:[39m 
mockAdminReminderTemplate }[33m,[39m
     [90m 67 |[39m       
[32m'./notificationService'[39m[33m:[39m 
mockNotificationService
     [90m 68 |[39m     })[33m;[39m[0m

      at Function.resolveSync [as sync] 
(node_modules/resolve/lib/sync.js:115:15)
      at Proxyquire._resolveModule 
(node_modules/proxyquire/lib/proxyquire.js:137:20)
      at Proxyquire.<anonymous> 
(node_modules/proxyquire/lib/proxyquire.js:213:35)
          at Array.reduce (<anonymous>)
      at Proxyquire._withoutCache 
(node_modules/proxyquire/lib/proxyquire.js:212:6)
      at Proxyquire.load 
(node_modules/proxyquire/lib/proxyquire.js:129:15)
      at Object.proxyquire 
(tests/reminderService.test.js:65:23)

  ΓùÅ reminderService ΓÇ║ updateTemplate should 
reschedule even when schedule_cron not changed

    Cannot find module './notificationService' from 
'D:\sadhanaboard\backend\services'

    [0m [90m 63 |[39m     })[33m;[39m
     [90m 64 |[39m     
    [31m[1m>[22m[39m[90m 65 |[39m     
reminderService [33m=[39m proxyquire([32m'../services/r
eminderService'[39m[33m,[39m {
     [90m    |[39m                       
[31m[1m^[22m[39m
     [90m 66 |[39m       
[32m'../models/index.js'[39m[33m:[39m { 
[33mAdminReminderTemplate[39m[33m:[39m 
mockAdminReminderTemplate }[33m,[39m
     [90m 67 |[39m       
[32m'./notificationService'[39m[33m:[39m 
mockNotificationService
     [90m 68 |[39m     })[33m;[39m[0m

      at Function.resolveSync [as sync] 
(node_modules/resolve/lib/sync.js:115:15)
      at Proxyquire._resolveModule 
(node_modules/proxyquire/lib/proxyquire.js:137:20)
      at Proxyquire.<anonymous> 
(node_modules/proxyquire/lib/proxyquire.js:213:35)
          at Array.reduce (<anonymous>)
      at Proxyquire._withoutCache 
(node_modules/proxyquire/lib/proxyquire.js:212:6)
      at Proxyquire.load 
(node_modules/proxyquire/lib/proxyquire.js:129:15)
      at Object.proxyquire 
(tests/reminderService.test.js:65:23)

(node:27920) [MONGOOSE] Warning: Duplicate schema index 
on {"userId":1} found. This is often due to declaring an 
index using both "index: true" and "schema.index()". 
Please remove the duplicate index definition.
(node:27920) [MONGOOSE] Warning: Duplicate schema index 
on {"status":1} found. This is often due to declaring an 
index using both "index: true" and "schema.index()". 
Please remove the duplicate index definition.
(node:27920) [MONGOOSE] Warning: Duplicate schema index 
on {"dueDate":1} found. This is often due to declaring an 
index using both "index: true" and "schema.index()". 
Please remove the duplicate index definition.
(node:27920) [MONGOOSE] Warning: Duplicate schema index 
on {"type":1} found. This is often due to declaring an 
index using both "index: true" and "schema.index()". 
Please remove the duplicate index definition.
(node:27920) [MONGOOSE] Warning: Duplicate schema index 
on {"isPublic":1} found. This is often due to declaring 
an index using both "index: true" and "schema.index()". 
Please remove the duplicate index definition.
(node:27920) [MONGOOSE] Warning: Duplicate schema index 
on {"email":1} found. This is often due to declaring an 
index using both "index: true" and "schema.index()". 
Please remove the duplicate index definition.
(node:27920) [MONGOOSE] Warning: Duplicate schema index 
on {"status":1} found. This is often due to declaring an 
index using both "index: true" and "schema.index()". 
Please remove the duplicate index definition.
(node:27920) [MONGOOSE] Warning: Duplicate schema index 
on {"userId":1} found. This is often due to declaring an 
index using both "index: true" and "schema.index()". 
Please remove the duplicate index definition.
(node:27920) [MONGOOSE] Warning: Duplicate schema index 
on {"actionType":1} found. This is often due to declaring 
an index using both "index: true" and "schema.index()". 
Please remove the duplicate index definition.
(node:27920) [MONGOOSE] Warning: Duplicate schema index 
on {"key":1} found. This is often due to declaring an 
index using both "index: true" and "schema.index()". 
Please remove the duplicate index definition.
(node:27920) [MONGOOSE] Warning: Duplicate schema index 
on {"adminId":1} found. This is often due to declaring an 
index using both "index: true" and "schema.index()". 
Please remove the duplicate index definition.
(node:27920) [MONGOOSE] Warning: Duplicate schema index 
on {"entityType":1} found. This is often due to declaring 
an index using both "index: true" and "schema.index()". 
Please remove the duplicate index definition.
(node:27920) [MONGOOSE] Warning: Duplicate schema index 
on {"status":1} found. This is often due to declaring an 
index using both "index: true" and "schema.index()". 
Please remove the duplicate index definition.
(node:27920) [MONGOOSE] Warning: Duplicate schema index 
on {"userId":1} found. This is often due to declaring an 
index using both "index: true" and "schema.index()". 
Please remove the duplicate index definition.
(node:27920) [MONGOOSE] Warning: Duplicate schema index 
on {"type":1} found. This is often due to declaring an 
index using both "index: true" and "schema.index()". 
Please remove the duplicate index definition.
(node:27920) [MONGOOSE] Warning: Duplicate schema index 
on {"linkedSadhanaId":1} found. This is often due to 
declaring an index using both "index: true" and 
"schema.index()". Please remove the duplicate index 
definition.
(node:27920) [MONGOOSE] Warning: Duplicate schema index 
on {"bookId":1} found. This is often due to declaring an 
index using both "index: true" and "schema.index()". 
Please remove the duplicate index definition.
(node:27920) [MONGOOSE] Warning: Duplicate schema index 
on {"userId":1} found. This is often due to declaring an 
index using both "index: true" and "schema.index()". 
Please remove the duplicate index definition.
(node:27920) [MONGOOSE] Warning: Duplicate schema index 
on {"status":1} found. This is often due to declaring an 
index using both "index: true" and "schema.index()". 
Please remove the duplicate index definition.
(node:27920) [MONGOOSE] Warning: Duplicate schema index 
on {"reporterId":1} found. This is often due to declaring 
an index using both "index: true" and "schema.index()". 
Please remove the duplicate index definition.
(node:27920) [MONGOOSE] Warning: Duplicate schema index 
on {"status":1} found. This is often due to declaring an 
index using both "index: true" and "schema.index()". 
Please remove the duplicate index definition.
(node:27920) [MONGOOSE] Warning: Duplicate schema index 
on {"severity":1} found. This is often due to declaring 
an index using both "index: true" and "schema.index()". 
Please remove the duplicate index definition.
(node:27920) [MONGOOSE] Warning: Duplicate schema index 
on {"status":1} found. This is often due to declaring an 
index using both "index: true" and "schema.index()". 
Please remove the duplicate index definition.
(node:27920) [MONGOOSE] Warning: Duplicate schema index 
on {"startDate":1} found. This is often due to declaring 
an index using both "index: true" and "schema.index()". 
Please remove the duplicate index definition.
(node:27920) [MONGOOSE] Warning: Duplicate schema index 
on {"experimentName":1} found. This is often due to 
declaring an index using both "index: true" and 
"schema.index()". Please remove the duplicate index 
definition.
(node:27920) [MONGOOSE] Warning: Duplicate schema index 
on {"userId":1} found. This is often due to declaring an 
index using both "index: true" and "schema.index()". 
Please remove the duplicate index definition.
(node:27920) [MONGOOSE] Warning: Duplicate schema index 
on {"status":1} found. This is often due to declaring an 
index using both "index: true" and "schema.index()". 
Please remove the duplicate index definition.
(node:27920) [MONGOOSE] Warning: Duplicate schema index 
on {"category":1} found. This is often due to declaring 
an index using both "index: true" and "schema.index()". 
Please remove the duplicate index definition.
(node:27920) [MONGOOSE] Warning: Duplicate schema index 
on {"userId":1} found. This is often due to declaring an 
index using both "index: true" and "schema.index()". 
Please remove the duplicate index definition.
(node:27920) [MONGOOSE] Warning: Duplicate schema index 
on {"syncEnabled":1} found. This is often due to 
declaring an index using both "index: true" and 
"schema.index()". Please remove the duplicate index 
definition.
(node:27920) [MONGOOSE] Warning: Duplicate schema index 
on {"creatorId":1} found. This is often due to declaring 
an index using both "index: true" and "schema.index()". 
Please remove the duplicate index definition.
(node:27920) [MONGOOSE] Warning: Duplicate schema index 
on {"isPublic":1} found. This is often due to declaring 
an index using both "index: true" and "schema.index()". 
Please remove the duplicate index definition.
(node:27920) [MONGOOSE] Warning: Duplicate schema index 
on {"privacyLevel":1} found. This is often due to 
declaring an index using both "index: true" and 
"schema.index()". Please remove the duplicate index 
definition.
(node:27920) [MONGOOSE] Warning: Duplicate schema index 
on {"category":1} found. This is often due to declaring 
an index using both "index: true" and "schema.index()". 
Please remove the duplicate index definition.
(node:27920) [MONGOOSE] Warning: Duplicate schema index 
on {"groupId":1} found. This is often due to declaring an 
index using both "index: true" and "schema.index()". 
Please remove the duplicate index definition.
(node:27920) [MONGOOSE] Warning: Duplicate schema index 
on {"userId":1} found. This is often due to declaring an 
index using both "index: true" and "schema.index()". 
Please remove the duplicate index definition.
(node:27920) [MONGOOSE] Warning: Duplicate schema index 
on {"mentorId":1} found. This is often due to declaring 
an index using both "index: true" and "schema.index()". 
Please remove the duplicate index definition.
(node:27920) [MONGOOSE] Warning: Duplicate schema index 
on {"menteeId":1} found. This is often due to declaring 
an index using both "index: true" and "schema.index()". 
Please remove the duplicate index definition.
(node:27920) [MONGOOSE] Warning: Duplicate schema index 
on {"status":1} found. This is often due to declaring an 
index using both "index: true" and "schema.index()". 
Please remove the duplicate index definition.
(node:27920) [MONGOOSE] Warning: Duplicate schema index 
on {"mentorshipId":1} found. This is often due to 
declaring an index using both "index: true" and 
"schema.index()". Please remove the duplicate index 
definition.
(node:27920) [MONGOOSE] Warning: Duplicate schema index 
on {"achieved":1} found. This is often due to declaring 
an index using both "index: true" and "schema.index()". 
Please remove the duplicate index definition.
(node:27920) [MONGOOSE] Warning: Duplicate schema index 
on {"userId":1} found. This is often due to declaring an 
index using both "index: true" and "schema.index()". 
Please remove the duplicate index definition.
(node:27920) [MONGOOSE] Warning: Duplicate schema index 
on {"userId":1} found. This is often due to declaring an 
index using both "index: true" and "schema.index()". 
Please remove the duplicate index definition.
(node:27920) [MONGOOSE] Warning: Duplicate schema index 
on {"sadhanaId":1} found. This is often due to declaring 
an index using both "index: true" and "schema.index()". 
Please remove the duplicate index definition.
(node:27920) [MONGOOSE] Warning: Duplicate schema index 
on {"userId":1} found. This is often due to declaring an 
index using both "index: true" and "schema.index()". 
Please remove the duplicate index definition.
(node:27920) [MONGOOSE] Warning: Duplicate schema index 
on {"parentCommentId":1} found. This is often due to 
declaring an index using both "index: true" and 
"schema.index()". Please remove the duplicate index 
definition.
(node:27920) [MONGOOSE] Warning: Duplicate schema index 
on {"sadhanaId":1} found. This is often due to declaring 
an index using both "index: true" and "schema.index()". 
Please remove the duplicate index definition.
(node:27920) [MONGOOSE] Warning: Duplicate schema index 
on {"userId":1} found. This is often due to declaring an 
index using both "index: true" and "schema.index()". 
Please remove the duplicate index definition.
(node:27920) [MONGOOSE] Warning: Duplicate schema index 
on {"sadhanaId":1} found. This is often due to declaring 
an index using both "index: true" and "schema.index()". 
Please remove the duplicate index definition.
(node:27920) [MONGOOSE] Warning: Duplicate schema index 
on {"userId":1} found. This is often due to declaring an 
index using both "index: true" and "schema.index()". 
Please remove the duplicate index definition.
(node:27920) [MONGOOSE] Warning: Duplicate schema index 
on {"status":1} found. This is often due to declaring an 
index using both "index: true" and "schema.index()". 
Please remove the duplicate index definition.
(node:27920) [MONGOOSE] Warning: Duplicate schema index 
on {"sadhanaId":1} found. This is often due to declaring 
an index using both "index: true" and "schema.index()". 
Please remove the duplicate index definition.
(node:27920) [MONGOOSE] Warning: Duplicate schema index 
on {"userId":1} found. This is often due to declaring an 
index using both "index: true" and "schema.index()". 
Please remove the duplicate index definition.
(node:27920) [MONGOOSE] Warning: Duplicate schema index 
on {"privacyLevel":1} found. This is often due to 
declaring an index using both "index: true" and 
"schema.index()". Please remove the duplicate index 
definition.
(node:27920) [MONGOOSE] Warning: Duplicate schema index 
on {"isActive":1} found. This is often due to declaring 
an index using both "index: true" and "schema.index()". 
Please remove the duplicate index definition.
(node:27920) [MONGOOSE] Warning: Duplicate schema index 
on {"isFeatured":1} found. This is often due to declaring 
an index using both "index: true" and "schema.index()". 
Please remove the duplicate index definition.
(node:27920) [MONGOOSE] Warning: Duplicate schema index 
on {"sharedSadhanaId":1} found. This is often due to 
declaring an index using both "index: true" and 
"schema.index()". Please remove the duplicate index 
definition.
(node:27920) [MONGOOSE] Warning: Duplicate schema index 
on {"userId":1} found. This is often due to declaring an 
index using both "index: true" and "schema.index()". 
Please remove the duplicate index definition.
(node:27920) [MONGOOSE] Warning: Duplicate schema index 
on {"userId":1} found. This is often due to declaring an 
index using both "index: true" and "schema.index()". 
Please remove the duplicate index definition.
(node:27920) [MONGOOSE] Warning: Duplicate schema index 
on {"status":1} found. This is often due to declaring an 
index using both "index: true" and "schema.index()". 
Please remove the duplicate index definition.
(node:27920) [MONGOOSE] Warning: Duplicate schema index 
on {"isPublic":1} found. This is often due to declaring 
an index using both "index: true" and "schema.index()". 
Please remove the duplicate index definition.
(node:27920) [MONGOOSE] Warning: Duplicate schema index 
on {"isFeatured":1} found. This is often due to declaring 
an index using both "index: true" and "schema.index()". 
Please remove the duplicate index definition.
(node:27920) [MONGOOSE] Warning: Duplicate schema index 
on {"userId":1} found. This is often due to declaring an 
index using both "index: true" and "schema.index()". 
Please remove the duplicate index definition.
(node:27920) [MONGOOSE] Warning: Duplicate schema index 
on {"status":1} found. This is often due to declaring an 
index using both "index: true" and "schema.index()". 
Please remove the duplicate index definition.
(node:27920) [MONGOOSE] Warning: Duplicate schema index 
on {"priority":1} found. This is often due to declaring 
an index using both "index: true" and "schema.index()". 
Please remove the duplicate index definition.
(node:27920) [MONGOOSE] Warning: Duplicate schema index 
on {"metricName":1} found. This is often due to declaring 
an index using both "index: true" and "schema.index()". 
Please remove the duplicate index definition.
(node:27920) [MONGOOSE] Warning: Duplicate schema index 
on {"userId":1} found. This is often due to declaring an 
index using both "index: true" and "schema.index()". 
Please remove the duplicate index definition.
(node:27920) [MONGOOSE] Warning: Duplicate schema index 
on {"isRead":1} found. This is often due to declaring an 
index using both "index: true" and "schema.index()". 
Please remove the duplicate index definition.
(node:27920) [MONGOOSE] Warning: Duplicate schema index 
on {"userId":1} found. This is often due to declaring an 
index using both "index: true" and "schema.index()". 
Please remove the duplicate index definition.
(node:27920) [MONGOOSE] Warning: Duplicate schema index 
on {"email":1} found. This is often due to declaring an 
index using both "index: true" and "schema.index()". 
Please remove the duplicate index definition.
(node:27920) [MONGOOSE] Warning: Duplicate schema index 
on {"status":1} found. This is often due to declaring an 
index using both "index: true" and "schema.index()". 
Please remove the duplicate index definition.
FAIL tests/tier2-feature-operations.test.js
  TIER 2 - Feature Service Operations
    Relationship Operations (populate)
      ΓêÜ Sadhana should populate userId references (2 ms)
      ΓêÜ SadhanaSession should populate userId 
references (1 ms)
    Aggregation Pipeline Operations
      ΓêÜ SadhanaProgress should support $match 
aggregation stage (1 ms)
      ΓêÜ SadhanaSession should support $group for 
analytics (1 ms)
      ΓêÜ Sadhana should support $lookup for joining 
collections (2 ms)
    Complex Tier 2 Features
      ├ù Community service should handle social 
operations (2 ms)
      ├ù Achievement service should track user 
achievements (2 ms)
      ΓêÜ Reminder service should support scheduling (2 
ms)
      ΓêÜ Report service should handle aggregated data (1 
ms)
    Tier 2 Specific Field Conversions
      ΓêÜ Schedule fields should use camelCase (1 ms)
      ΓêÜ Timestamp fields should be MongoDB Date type (1 
ms)
    Tier 2 Service List Validation
      ΓêÜ Should have all 18 Tier 2 services refactored 
(2 ms)
      ΓêÜ All Tier 2 services should use Mongoose (1 ms)
    Tier 2 Advanced Patterns
      ΓêÜ Complex aggregations should work (cmsService: 
46 db.query) (1 ms)
      ΓêÜ Multi-step relationships should work 
(mentorshipService) (1 ms)
      ΓêÜ Scheduled operations should work 
(reminderService, reportSchedulerService) (1 ms)
    TIER 2 FINAL VERIFICATION
      ΓêÜ Γ£à Tier 2 Feature Service Refactoring Complete 
(1 ms)

  ΓùÅ TIER 2 - Feature Service Operations ΓÇ║ Complex 
Tier 2 Features ΓÇ║ Community service should handle 
social operations

    assert.fail(received, expected)

    Message:
      Community service test failed: Schema hasn't been 
registered for model "Community".
    Use mongoose.model(name, schema)

    [0m [90m 77 |[39m         }
     [90m 78 |[39m       } [36mcatch[39m (error) {
    [31m[1m>[22m[39m[90m 79 |[39m         
assert[33m.[39mfail([32m`Community service test 
failed: ${error.message}`[39m)[33m;[39m
     [90m    |[39m                [31m[1m^[22m[39m
     [90m 80 |[39m       }
     [90m 81 |[39m     })[33m;[39m
     [90m 82 |[39m[0m

      at Object.fail 
(tests/tier2-feature-operations.test.js:79:16)

  ΓùÅ TIER 2 - Feature Service Operations ΓÇ║ Complex 
Tier 2 Features ΓÇ║ Achievement service should track user 
achievements

    assert.fail(received, expected)

    Message:
      Achievement service test failed: Schema hasn't been 
registered for model "Achievement".
    Use mongoose.model(name, schema)

    [0m [90m 88 |[39m         }
     [90m 89 |[39m       } [36mcatch[39m (error) {
    [31m[1m>[22m[39m[90m 90 |[39m         
assert[33m.[39mfail([32m`Achievement service test 
failed: ${error.message}`[39m)[33m;[39m
     [90m    |[39m                [31m[1m^[22m[39m
     [90m 91 |[39m       }
     [90m 92 |[39m     })[33m;[39m
     [90m 93 |[39m[0m

      at Object.fail 
(tests/tier2-feature-operations.test.js:90:16)

(node:27920) [MONGOOSE] Warning: Duplicate schema index 
on {"userId":1} found. This is often due to declaring an 
index using both "index: true" and "schema.index()". 
Please remove the duplicate index definition.
(node:27920) [MONGOOSE] Warning: Duplicate schema index 
on {"status":1} found. This is often due to declaring an 
index using both "index: true" and "schema.index()". 
Please remove the duplicate index definition.
(node:27920) [MONGOOSE] Warning: Duplicate schema index 
on {"dueDate":1} found. This is often due to declaring an 
index using both "index: true" and "schema.index()". 
Please remove the duplicate index definition.
(node:27920) [MONGOOSE] Warning: Duplicate schema index 
on {"type":1} found. This is often due to declaring an 
index using both "index: true" and "schema.index()". 
Please remove the duplicate index definition.
(node:27920) [MONGOOSE] Warning: Duplicate schema index 
on {"isPublic":1} found. This is often due to declaring 
an index using both "index: true" and "schema.index()". 
Please remove the duplicate index definition.
(node:27920) [MONGOOSE] Warning: Duplicate schema index 
on {"email":1} found. This is often due to declaring an 
index using both "index: true" and "schema.index()". 
Please remove the duplicate index definition.
(node:27920) [MONGOOSE] Warning: Duplicate schema index 
on {"status":1} found. This is often due to declaring an 
index using both "index: true" and "schema.index()". 
Please remove the duplicate index definition.
(node:27920) [MONGOOSE] Warning: Duplicate schema index 
on {"userId":1} found. This is often due to declaring an 
index using both "index: true" and "schema.index()". 
Please remove the duplicate index definition.
(node:27920) [MONGOOSE] Warning: Duplicate schema index 
on {"actionType":1} found. This is often due to declaring 
an index using both "index: true" and "schema.index()". 
Please remove the duplicate index definition.
(node:27920) [MONGOOSE] Warning: Duplicate schema index 
on {"key":1} found. This is often due to declaring an 
index using both "index: true" and "schema.index()". 
Please remove the duplicate index definition.
(node:27920) [MONGOOSE] Warning: Duplicate schema index 
on {"adminId":1} found. This is often due to declaring an 
index using both "index: true" and "schema.index()". 
Please remove the duplicate index definition.
(node:27920) [MONGOOSE] Warning: Duplicate schema index 
on {"entityType":1} found. This is often due to declaring 
an index using both "index: true" and "schema.index()". 
Please remove the duplicate index definition.
(node:27920) [MONGOOSE] Warning: Duplicate schema index 
on {"status":1} found. This is often due to declaring an 
index using both "index: true" and "schema.index()". 
Please remove the duplicate index definition.
(node:27920) [MONGOOSE] Warning: Duplicate schema index 
on {"userId":1} found. This is often due to declaring an 
index using both "index: true" and "schema.index()". 
Please remove the duplicate index definition.
(node:27920) [MONGOOSE] Warning: Duplicate schema index 
on {"type":1} found. This is often due to declaring an 
index using both "index: true" and "schema.index()". 
Please remove the duplicate index definition.
(node:27920) [MONGOOSE] Warning: Duplicate schema index 
on {"linkedSadhanaId":1} found. This is often due to 
declaring an index using both "index: true" and 
"schema.index()". Please remove the duplicate index 
definition.
(node:27920) [MONGOOSE] Warning: Duplicate schema index 
on {"bookId":1} found. This is often due to declaring an 
index using both "index: true" and "schema.index()". 
Please remove the duplicate index definition.
(node:27920) [MONGOOSE] Warning: Duplicate schema index 
on {"userId":1} found. This is often due to declaring an 
index using both "index: true" and "schema.index()". 
Please remove the duplicate index definition.
(node:27920) [MONGOOSE] Warning: Duplicate schema index 
on {"status":1} found. This is often due to declaring an 
index using both "index: true" and "schema.index()". 
Please remove the duplicate index definition.
(node:27920) [MONGOOSE] Warning: Duplicate schema index 
on {"reporterId":1} found. This is often due to declaring 
an index using both "index: true" and "schema.index()". 
Please remove the duplicate index definition.
(node:27920) [MONGOOSE] Warning: Duplicate schema index 
on {"status":1} found. This is often due to declaring an 
index using both "index: true" and "schema.index()". 
Please remove the duplicate index definition.
(node:27920) [MONGOOSE] Warning: Duplicate schema index 
on {"severity":1} found. This is often due to declaring 
an index using both "index: true" and "schema.index()". 
Please remove the duplicate index definition.
(node:27920) [MONGOOSE] Warning: Duplicate schema index 
on {"status":1} found. This is often due to declaring an 
index using both "index: true" and "schema.index()". 
Please remove the duplicate index definition.
(node:27920) [MONGOOSE] Warning: Duplicate schema index 
on {"startDate":1} found. This is often due to declaring 
an index using both "index: true" and "schema.index()". 
Please remove the duplicate index definition.
(node:27920) [MONGOOSE] Warning: Duplicate schema index 
on {"experimentName":1} found. This is often due to 
declaring an index using both "index: true" and 
"schema.index()". Please remove the duplicate index 
definition.
(node:27920) [MONGOOSE] Warning: Duplicate schema index 
on {"userId":1} found. This is often due to declaring an 
index using both "index: true" and "schema.index()". 
Please remove the duplicate index definition.
(node:27920) [MONGOOSE] Warning: Duplicate schema index 
on {"status":1} found. This is often due to declaring an 
index using both "index: true" and "schema.index()". 
Please remove the duplicate index definition.
(node:27920) [MONGOOSE] Warning: Duplicate schema index 
on {"category":1} found. This is often due to declaring 
an index using both "index: true" and "schema.index()". 
Please remove the duplicate index definition.
(node:27920) [MONGOOSE] Warning: Duplicate schema index 
on {"userId":1} found. This is often due to declaring an 
index using both "index: true" and "schema.index()". 
Please remove the duplicate index definition.
(node:27920) [MONGOOSE] Warning: Duplicate schema index 
on {"syncEnabled":1} found. This is often due to 
declaring an index using both "index: true" and 
"schema.index()". Please remove the duplicate index 
definition.
(node:27920) [MONGOOSE] Warning: Duplicate schema index 
on {"creatorId":1} found. This is often due to declaring 
an index using both "index: true" and "schema.index()". 
Please remove the duplicate index definition.
(node:27920) [MONGOOSE] Warning: Duplicate schema index 
on {"isPublic":1} found. This is often due to declaring 
an index using both "index: true" and "schema.index()". 
Please remove the duplicate index definition.
(node:27920) [MONGOOSE] Warning: Duplicate schema index 
on {"privacyLevel":1} found. This is often due to 
declaring an index using both "index: true" and 
"schema.index()". Please remove the duplicate index 
definition.
(node:27920) [MONGOOSE] Warning: Duplicate schema index 
on {"category":1} found. This is often due to declaring 
an index using both "index: true" and "schema.index()". 
Please remove the duplicate index definition.
(node:27920) [MONGOOSE] Warning: Duplicate schema index 
on {"groupId":1} found. This is often due to declaring an 
index using both "index: true" and "schema.index()". 
Please remove the duplicate index definition.
(node:27920) [MONGOOSE] Warning: Duplicate schema index 
on {"userId":1} found. This is often due to declaring an 
index using both "index: true" and "schema.index()". 
Please remove the duplicate index definition.
(node:27920) [MONGOOSE] Warning: Duplicate schema index 
on {"mentorId":1} found. This is often due to declaring 
an index using both "index: true" and "schema.index()". 
Please remove the duplicate index definition.
(node:27920) [MONGOOSE] Warning: Duplicate schema index 
on {"menteeId":1} found. This is often due to declaring 
an index using both "index: true" and "schema.index()". 
Please remove the duplicate index definition.
(node:27920) [MONGOOSE] Warning: Duplicate schema index 
on {"status":1} found. This is often due to declaring an 
index using both "index: true" and "schema.index()". 
Please remove the duplicate index definition.
(node:27920) [MONGOOSE] Warning: Duplicate schema index 
on {"mentorshipId":1} found. This is often due to 
declaring an index using both "index: true" and 
"schema.index()". Please remove the duplicate index 
definition.
(node:27920) [MONGOOSE] Warning: Duplicate schema index 
on {"achieved":1} found. This is often due to declaring 
an index using both "index: true" and "schema.index()". 
Please remove the duplicate index definition.
(node:27920) [MONGOOSE] Warning: Duplicate schema index 
on {"userId":1} found. This is often due to declaring an 
index using both "index: true" and "schema.index()". 
Please remove the duplicate index definition.
(node:27920) [MONGOOSE] Warning: Duplicate schema index 
on {"userId":1} found. This is often due to declaring an 
index using both "index: true" and "schema.index()". 
Please remove the duplicate index definition.
(node:27920) [MONGOOSE] Warning: Duplicate schema index 
on {"sadhanaId":1} found. This is often due to declaring 
an index using both "index: true" and "schema.index()". 
Please remove the duplicate index definition.
(node:27920) [MONGOOSE] Warning: Duplicate schema index 
on {"userId":1} found. This is often due to declaring an 
index using both "index: true" and "schema.index()". 
Please remove the duplicate index definition.
(node:27920) [MONGOOSE] Warning: Duplicate schema index 
on {"parentCommentId":1} found. This is often due to 
declaring an index using both "index: true" and 
"schema.index()". Please remove the duplicate index 
definition.
(node:27920) [MONGOOSE] Warning: Duplicate schema index 
on {"sadhanaId":1} found. This is often due to declaring 
an index using both "index: true" and "schema.index()". 
Please remove the duplicate index definition.
(node:27920) [MONGOOSE] Warning: Duplicate schema index 
on {"userId":1} found. This is often due to declaring an 
index using both "index: true" and "schema.index()". 
Please remove the duplicate index definition.
(node:27920) [MONGOOSE] Warning: Duplicate schema index 
on {"sadhanaId":1} found. This is often due to declaring 
an index using both "index: true" and "schema.index()". 
Please remove the duplicate index definition.
(node:27920) [MONGOOSE] Warning: Duplicate schema index 
on {"userId":1} found. This is often due to declaring an 
index using both "index: true" and "schema.index()". 
Please remove the duplicate index definition.
(node:27920) [MONGOOSE] Warning: Duplicate schema index 
on {"status":1} found. This is often due to declaring an 
index using both "index: true" and "schema.index()". 
Please remove the duplicate index definition.
(node:27920) [MONGOOSE] Warning: Duplicate schema index 
on {"sadhanaId":1} found. This is often due to declaring 
an index using both "index: true" and "schema.index()". 
Please remove the duplicate index definition.
(node:27920) [MONGOOSE] Warning: Duplicate schema index 
on {"userId":1} found. This is often due to declaring an 
index using both "index: true" and "schema.index()". 
Please remove the duplicate index definition.
(node:27920) [MONGOOSE] Warning: Duplicate schema index 
on {"privacyLevel":1} found. This is often due to 
declaring an index using both "index: true" and 
"schema.index()". Please remove the duplicate index 
definition.
(node:27920) [MONGOOSE] Warning: Duplicate schema index 
on {"isActive":1} found. This is often due to declaring 
an index using both "index: true" and "schema.index()". 
Please remove the duplicate index definition.
(node:27920) [MONGOOSE] Warning: Duplicate schema index 
on {"isFeatured":1} found. This is often due to declaring 
an index using both "index: true" and "schema.index()". 
Please remove the duplicate index definition.
(node:27920) [MONGOOSE] Warning: Duplicate schema index 
on {"sharedSadhanaId":1} found. This is often due to 
declaring an index using both "index: true" and 
"schema.index()". Please remove the duplicate index 
definition.
(node:27920) [MONGOOSE] Warning: Duplicate schema index 
on {"userId":1} found. This is often due to declaring an 
index using both "index: true" and "schema.index()". 
Please remove the duplicate index definition.
(node:27920) [MONGOOSE] Warning: Duplicate schema index 
on {"userId":1} found. This is often due to declaring an 
index using both "index: true" and "schema.index()". 
Please remove the duplicate index definition.
(node:27920) [MONGOOSE] Warning: Duplicate schema index 
on {"status":1} found. This is often due to declaring an 
index using both "index: true" and "schema.index()". 
Please remove the duplicate index definition.
(node:27920) [MONGOOSE] Warning: Duplicate schema index 
on {"isPublic":1} found. This is often due to declaring 
an index using both "index: true" and "schema.index()". 
Please remove the duplicate index definition.
(node:27920) [MONGOOSE] Warning: Duplicate schema index 
on {"isFeatured":1} found. This is often due to declaring 
an index using both "index: true" and "schema.index()". 
Please remove the duplicate index definition.
(node:27920) [MONGOOSE] Warning: Duplicate schema index 
on {"userId":1} found. This is often due to declaring an 
index using both "index: true" and "schema.index()". 
Please remove the duplicate index definition.
(node:27920) [MONGOOSE] Warning: Duplicate schema index 
on {"status":1} found. This is often due to declaring an 
index using both "index: true" and "schema.index()". 
Please remove the duplicate index definition.
(node:27920) [MONGOOSE] Warning: Duplicate schema index 
on {"priority":1} found. This is often due to declaring 
an index using both "index: true" and "schema.index()". 
Please remove the duplicate index definition.
(node:27920) [MONGOOSE] Warning: Duplicate schema index 
on {"metricName":1} found. This is often due to declaring 
an index using both "index: true" and "schema.index()". 
Please remove the duplicate index definition.
(node:27920) [MONGOOSE] Warning: Duplicate schema index 
on {"userId":1} found. This is often due to declaring an 
index using both "index: true" and "schema.index()". 
Please remove the duplicate index definition.
(node:27920) [MONGOOSE] Warning: Duplicate schema index 
on {"isRead":1} found. This is often due to declaring an 
index using both "index: true" and "schema.index()". 
Please remove the duplicate index definition.
(node:27920) [MONGOOSE] Warning: Duplicate schema index 
on {"userId":1} found. This is often due to declaring an 
index using both "index: true" and "schema.index()". 
Please remove the duplicate index definition.
(node:27920) [MONGOOSE] Warning: Duplicate schema index 
on {"email":1} found. This is often due to declaring an 
index using both "index: true" and "schema.index()". 
Please remove the duplicate index definition.
(node:27920) [MONGOOSE] Warning: Duplicate schema index 
on {"status":1} found. This is often due to declaring an 
index using both "index: true" and "schema.index()". 
Please remove the duplicate index definition.
  console.error
    evaluateAlertRules error MongooseError: Operation `log_alert_rules.find()` buffering timed out after 10000ms
        at Timeout.<anonymous> (D:\sadhanaboard\backend\node_modules\mongoose\lib\drivers\node-mongodb-native\collection.js:187:23)
        at listOnTimeout (node:internal/timers:588:17)
        at processTimers (node:internal/timers:523:7)

    [0m [90m 121 |[39m       [36mreturn[39m triggered[33m.[39mlength [33m>[39m [35m0[39m[33m;[39m
     [90m 122 |[39m     } [36mcatch[39m (e) {
    [31m[1m>[22m[39m[90m 123 |[39m       console[33m.[39merror([32m'evaluateAlertRules error'[39m[33m,[39m e)[33m;[39m
     [90m     |[39m               [31m[1m^[22m[39m
     [90m 124 |[39m       [36mreturn[39m [36mfalse[39m[33m;[39m
     [90m 125 |[39m     }
     [90m 126 |[39m   }[33m,[39m[0m

      at Object.error [as evaluateAlertRules] (services/alertService.js:123:15)
      at Object.<anonymous> (tests/alertService.test.js:67:17)

  console.error
    evaluateAlertRules error MongooseError: Operation `log_alert_rules.find()` buffering timed out after 10000ms
        at Timeout.<anonymous> (D:\sadhanaboard\backend\node_modules\mongoose\lib\drivers\node-mongodb-native\collection.js:187:23)
        at listOnTimeout (node:internal/timers:588:17)
        at processTimers (node:internal/timers:523:7)

    [0m [90m 121 |[39m       [36mreturn[39m triggered[33m.[39mlength [33m>[39m [35m0[39m[33m;[39m
     [90m 122 |[39m     } [36mcatch[39m (e) {
    [31m[1m>[22m[39m[90m 123 |[39m       console[33m.[39merror([32m'evaluateAlertRules error'[39m[33m,[39m e)[33m;[39m
     [90m     |[39m               [31m[1m^[22m[39m
     [90m 124 |[39m       [36mreturn[39m [36mfalse[39m[33m;[39m
     [90m 125 |[39m     }
     [90m 126 |[39m   }[33m,[39m[0m

      at Object.error [as evaluateAlertRules] (services/alertService.js:123:15)
      at Object.<anonymous> (tests/alertService.test.js:89:17)

PASS tests/alertService.test.js (20.757 s)
  alertService
    ΓêÜ evaluateAlertRules triggers alerts for matching 
rule without ReferenceError (10093 ms)
    ΓêÜ should handle complex condition evaluation (10038 
ms)

(node:27920) [MONGOOSE] Warning: Duplicate schema index 
on {"userId":1} found. This is often due to declaring an 
index using both "index: true" and "schema.index()". 
Please remove the duplicate index definition.
(node:27920) [MONGOOSE] Warning: Duplicate schema index 
on {"status":1} found. This is often due to declaring an 
index using both "index: true" and "schema.index()". 
Please remove the duplicate index definition.
(node:27920) [MONGOOSE] Warning: Duplicate schema index 
on {"dueDate":1} found. This is often due to declaring an 
index using both "index: true" and "schema.index()". 
Please remove the duplicate index definition.
(node:27920) [MONGOOSE] Warning: Duplicate schema index 
on {"type":1} found. This is often due to declaring an 
index using both "index: true" and "schema.index()". 
Please remove the duplicate index definition.
(node:27920) [MONGOOSE] Warning: Duplicate schema index 
on {"isPublic":1} found. This is often due to declaring 
an index using both "index: true" and "schema.index()". 
Please remove the duplicate index definition.
(node:27920) [MONGOOSE] Warning: Duplicate schema index 
on {"email":1} found. This is often due to declaring an 
index using both "index: true" and "schema.index()". 
Please remove the duplicate index definition.
(node:27920) [MONGOOSE] Warning: Duplicate schema index 
on {"status":1} found. This is often due to declaring an 
index using both "index: true" and "schema.index()". 
Please remove the duplicate index definition.
(node:27920) [MONGOOSE] Warning: Duplicate schema index 
on {"userId":1} found. This is often due to declaring an 
index using both "index: true" and "schema.index()". 
Please remove the duplicate index definition.
(node:27920) [MONGOOSE] Warning: Duplicate schema index 
on {"actionType":1} found. This is often due to declaring 
an index using both "index: true" and "schema.index()". 
Please remove the duplicate index definition.
(node:27920) [MONGOOSE] Warning: Duplicate schema index 
on {"key":1} found. This is often due to declaring an 
index using both "index: true" and "schema.index()". 
Please remove the duplicate index definition.
(node:27920) [MONGOOSE] Warning: Duplicate schema index 
on {"adminId":1} found. This is often due to declaring an 
index using both "index: true" and "schema.index()". 
Please remove the duplicate index definition.
(node:27920) [MONGOOSE] Warning: Duplicate schema index 
on {"entityType":1} found. This is often due to declaring 
an index using both "index: true" and "schema.index()". 
Please remove the duplicate index definition.
(node:27920) [MONGOOSE] Warning: Duplicate schema index 
on {"status":1} found. This is often due to declaring an 
index using both "index: true" and "schema.index()". 
Please remove the duplicate index definition.
(node:27920) [MONGOOSE] Warning: Duplicate schema index 
on {"userId":1} found. This is often due to declaring an 
index using both "index: true" and "schema.index()". 
Please remove the duplicate index definition.
(node:27920) [MONGOOSE] Warning: Duplicate schema index 
on {"type":1} found. This is often due to declaring an 
index using both "index: true" and "schema.index()". 
Please remove the duplicate index definition.
(node:27920) [MONGOOSE] Warning: Duplicate schema index 
on {"linkedSadhanaId":1} found. This is often due to 
declaring an index using both "index: true" and 
"schema.index()". Please remove the duplicate index 
definition.
(node:27920) [MONGOOSE] Warning: Duplicate schema index 
on {"bookId":1} found. This is often due to declaring an 
index using both "index: true" and "schema.index()". 
Please remove the duplicate index definition.
(node:27920) [MONGOOSE] Warning: Duplicate schema index 
on {"userId":1} found. This is often due to declaring an 
index using both "index: true" and "schema.index()". 
Please remove the duplicate index definition.
(node:27920) [MONGOOSE] Warning: Duplicate schema index 
on {"status":1} found. This is often due to declaring an 
index using both "index: true" and "schema.index()". 
Please remove the duplicate index definition.
(node:27920) [MONGOOSE] Warning: Duplicate schema index 
on {"reporterId":1} found. This is often due to declaring 
an index using both "index: true" and "schema.index()". 
Please remove the duplicate index definition.
(node:27920) [MONGOOSE] Warning: Duplicate schema index 
on {"status":1} found. This is often due to declaring an 
index using both "index: true" and "schema.index()". 
Please remove the duplicate index definition.
(node:27920) [MONGOOSE] Warning: Duplicate schema index 
on {"severity":1} found. This is often due to declaring 
an index using both "index: true" and "schema.index()". 
Please remove the duplicate index definition.
(node:27920) [MONGOOSE] Warning: Duplicate schema index 
on {"status":1} found. This is often due to declaring an 
index using both "index: true" and "schema.index()". 
Please remove the duplicate index definition.
(node:27920) [MONGOOSE] Warning: Duplicate schema index 
on {"startDate":1} found. This is often due to declaring 
an index using both "index: true" and "schema.index()". 
Please remove the duplicate index definition.
(node:27920) [MONGOOSE] Warning: Duplicate schema index 
on {"experimentName":1} found. This is often due to 
declaring an index using both "index: true" and 
"schema.index()". Please remove the duplicate index 
definition.
(node:27920) [MONGOOSE] Warning: Duplicate schema index 
on {"userId":1} found. This is often due to declaring an 
index using both "index: true" and "schema.index()". 
Please remove the duplicate index definition.
(node:27920) [MONGOOSE] Warning: Duplicate schema index 
on {"status":1} found. This is often due to declaring an 
index using both "index: true" and "schema.index()". 
Please remove the duplicate index definition.
(node:27920) [MONGOOSE] Warning: Duplicate schema index 
on {"category":1} found. This is often due to declaring 
an index using both "index: true" and "schema.index()". 
Please remove the duplicate index definition.
(node:27920) [MONGOOSE] Warning: Duplicate schema index 
on {"userId":1} found. This is often due to declaring an 
index using both "index: true" and "schema.index()". 
Please remove the duplicate index definition.
(node:27920) [MONGOOSE] Warning: Duplicate schema index 
on {"syncEnabled":1} found. This is often due to 
declaring an index using both "index: true" and 
"schema.index()". Please remove the duplicate index 
definition.
(node:27920) [MONGOOSE] Warning: Duplicate schema index 
on {"creatorId":1} found. This is often due to declaring 
an index using both "index: true" and "schema.index()". 
Please remove the duplicate index definition.
(node:27920) [MONGOOSE] Warning: Duplicate schema index 
on {"isPublic":1} found. This is often due to declaring 
an index using both "index: true" and "schema.index()". 
Please remove the duplicate index definition.
(node:27920) [MONGOOSE] Warning: Duplicate schema index 
on {"privacyLevel":1} found. This is often due to 
declaring an index using both "index: true" and 
"schema.index()". Please remove the duplicate index 
definition.
(node:27920) [MONGOOSE] Warning: Duplicate schema index 
on {"category":1} found. This is often due to declaring 
an index using both "index: true" and "schema.index()". 
Please remove the duplicate index definition.
(node:27920) [MONGOOSE] Warning: Duplicate schema index 
on {"groupId":1} found. This is often due to declaring an 
index using both "index: true" and "schema.index()". 
Please remove the duplicate index definition.
(node:27920) [MONGOOSE] Warning: Duplicate schema index 
on {"userId":1} found. This is often due to declaring an 
index using both "index: true" and "schema.index()". 
Please remove the duplicate index definition.
(node:27920) [MONGOOSE] Warning: Duplicate schema index 
on {"mentorId":1} found. This is often due to declaring 
an index using both "index: true" and "schema.index()". 
Please remove the duplicate index definition.
(node:27920) [MONGOOSE] Warning: Duplicate schema index 
on {"menteeId":1} found. This is often due to declaring 
an index using both "index: true" and "schema.index()". 
Please remove the duplicate index definition.
(node:27920) [MONGOOSE] Warning: Duplicate schema index 
on {"status":1} found. This is often due to declaring an 
index using both "index: true" and "schema.index()". 
Please remove the duplicate index definition.
(node:27920) [MONGOOSE] Warning: Duplicate schema index 
on {"mentorshipId":1} found. This is often due to 
declaring an index using both "index: true" and 
"schema.index()". Please remove the duplicate index 
definition.
(node:27920) [MONGOOSE] Warning: Duplicate schema index 
on {"achieved":1} found. This is often due to declaring 
an index using both "index: true" and "schema.index()". 
Please remove the duplicate index definition.
(node:27920) [MONGOOSE] Warning: Duplicate schema index 
on {"userId":1} found. This is often due to declaring an 
index using both "index: true" and "schema.index()". 
Please remove the duplicate index definition.
(node:27920) [MONGOOSE] Warning: Duplicate schema index 
on {"userId":1} found. This is often due to declaring an 
index using both "index: true" and "schema.index()". 
Please remove the duplicate index definition.
(node:27920) [MONGOOSE] Warning: Duplicate schema index 
on {"sadhanaId":1} found. This is often due to declaring 
an index using both "index: true" and "schema.index()". 
Please remove the duplicate index definition.
(node:27920) [MONGOOSE] Warning: Duplicate schema index 
on {"userId":1} found. This is often due to declaring an 
index using both "index: true" and "schema.index()". 
Please remove the duplicate index definition.
(node:27920) [MONGOOSE] Warning: Duplicate schema index 
on {"parentCommentId":1} found. This is often due to 
declaring an index using both "index: true" and 
"schema.index()". Please remove the duplicate index 
definition.
(node:27920) [MONGOOSE] Warning: Duplicate schema index 
on {"sadhanaId":1} found. This is often due to declaring 
an index using both "index: true" and "schema.index()". 
Please remove the duplicate index definition.
(node:27920) [MONGOOSE] Warning: Duplicate schema index 
on {"userId":1} found. This is often due to declaring an 
index using both "index: true" and "schema.index()". 
Please remove the duplicate index definition.
(node:27920) [MONGOOSE] Warning: Duplicate schema index 
on {"sadhanaId":1} found. This is often due to declaring 
an index using both "index: true" and "schema.index()". 
Please remove the duplicate index definition.
(node:27920) [MONGOOSE] Warning: Duplicate schema index 
on {"userId":1} found. This is often due to declaring an 
index using both "index: true" and "schema.index()". 
Please remove the duplicate index definition.
(node:27920) [MONGOOSE] Warning: Duplicate schema index 
on {"status":1} found. This is often due to declaring an 
index using both "index: true" and "schema.index()". 
Please remove the duplicate index definition.
(node:27920) [MONGOOSE] Warning: Duplicate schema index 
on {"sadhanaId":1} found. This is often due to declaring 
an index using both "index: true" and "schema.index()". 
Please remove the duplicate index definition.
(node:27920) [MONGOOSE] Warning: Duplicate schema index 
on {"userId":1} found. This is often due to declaring an 
index using both "index: true" and "schema.index()". 
Please remove the duplicate index definition.
(node:27920) [MONGOOSE] Warning: Duplicate schema index 
on {"privacyLevel":1} found. This is often due to 
declaring an index using both "index: true" and 
"schema.index()". Please remove the duplicate index 
definition.
(node:27920) [MONGOOSE] Warning: Duplicate schema index 
on {"isActive":1} found. This is often due to declaring 
an index using both "index: true" and "schema.index()". 
Please remove the duplicate index definition.
(node:27920) [MONGOOSE] Warning: Duplicate schema index 
on {"isFeatured":1} found. This is often due to declaring 
an index using both "index: true" and "schema.index()". 
Please remove the duplicate index definition.
(node:27920) [MONGOOSE] Warning: Duplicate schema index 
on {"sharedSadhanaId":1} found. This is often due to 
declaring an index using both "index: true" and 
"schema.index()". Please remove the duplicate index 
definition.
(node:27920) [MONGOOSE] Warning: Duplicate schema index 
on {"userId":1} found. This is often due to declaring an 
index using both "index: true" and "schema.index()". 
Please remove the duplicate index definition.
(node:27920) [MONGOOSE] Warning: Duplicate schema index 
on {"userId":1} found. This is often due to declaring an 
index using both "index: true" and "schema.index()". 
Please remove the duplicate index definition.
(node:27920) [MONGOOSE] Warning: Duplicate schema index 
on {"status":1} found. This is often due to declaring an 
index using both "index: true" and "schema.index()". 
Please remove the duplicate index definition.
(node:27920) [MONGOOSE] Warning: Duplicate schema index 
on {"isPublic":1} found. This is often due to declaring 
an index using both "index: true" and "schema.index()". 
Please remove the duplicate index definition.
(node:27920) [MONGOOSE] Warning: Duplicate schema index 
on {"isFeatured":1} found. This is often due to declaring 
an index using both "index: true" and "schema.index()". 
Please remove the duplicate index definition.
(node:27920) [MONGOOSE] Warning: Duplicate schema index 
on {"userId":1} found. This is often due to declaring an 
index using both "index: true" and "schema.index()". 
Please remove the duplicate index definition.
(node:27920) [MONGOOSE] Warning: Duplicate schema index 
on {"status":1} found. This is often due to declaring an 
index using both "index: true" and "schema.index()". 
Please remove the duplicate index definition.
(node:27920) [MONGOOSE] Warning: Duplicate schema index 
on {"priority":1} found. This is often due to declaring 
an index using both "index: true" and "schema.index()". 
Please remove the duplicate index definition.
(node:27920) [MONGOOSE] Warning: Duplicate schema index 
on {"metricName":1} found. This is often due to declaring 
an index using both "index: true" and "schema.index()". 
Please remove the duplicate index definition.
(node:27920) [MONGOOSE] Warning: Duplicate schema index 
on {"userId":1} found. This is often due to declaring an 
index using both "index: true" and "schema.index()". 
Please remove the duplicate index definition.
(node:27920) [MONGOOSE] Warning: Duplicate schema index 
on {"isRead":1} found. This is often due to declaring an 
index using both "index: true" and "schema.index()". 
Please remove the duplicate index definition.
(node:27920) [MONGOOSE] Warning: Duplicate schema index 
on {"userId":1} found. This is often due to declaring an 
index using both "index: true" and "schema.index()". 
Please remove the duplicate index definition.
(node:27920) [MONGOOSE] Warning: Duplicate schema index 
on {"email":1} found. This is often due to declaring an 
index using both "index: true" and "schema.index()". 
Please remove the duplicate index definition.
(node:27920) [MONGOOSE] Warning: Duplicate schema index 
on {"status":1} found. This is often due to declaring an 
index using both "index: true" and "schema.index()". 
Please remove the duplicate index definition.
PASS tests/cmsService.test.js
  cmsService
    ΓêÜ cmsService module should exist and export 
required functions (12 ms)

(node:27920) [MONGOOSE] Warning: Duplicate schema index 
on {"userId":1} found. This is often due to declaring an 
index using both "index: true" and "schema.index()". 
Please remove the duplicate index definition.
(node:27920) [MONGOOSE] Warning: Duplicate schema index 
on {"status":1} found. This is often due to declaring an 
index using both "index: true" and "schema.index()". 
Please remove the duplicate index definition.
(node:27920) [MONGOOSE] Warning: Duplicate schema index 
on {"dueDate":1} found. This is often due to declaring an 
index using both "index: true" and "schema.index()". 
Please remove the duplicate index definition.
(node:27920) [MONGOOSE] Warning: Duplicate schema index 
on {"type":1} found. This is often due to declaring an 
index using both "index: true" and "schema.index()". 
Please remove the duplicate index definition.
(node:27920) [MONGOOSE] Warning: Duplicate schema index 
on {"isPublic":1} found. This is often due to declaring 
an index using both "index: true" and "schema.index()". 
Please remove the duplicate index definition.
(node:27920) [MONGOOSE] Warning: Duplicate schema index 
on {"email":1} found. This is often due to declaring an 
index using both "index: true" and "schema.index()". 
Please remove the duplicate index definition.
(node:27920) [MONGOOSE] Warning: Duplicate schema index 
on {"status":1} found. This is often due to declaring an 
index using both "index: true" and "schema.index()". 
Please remove the duplicate index definition.
(node:27920) [MONGOOSE] Warning: Duplicate schema index 
on {"userId":1} found. This is often due to declaring an 
index using both "index: true" and "schema.index()". 
Please remove the duplicate index definition.
(node:27920) [MONGOOSE] Warning: Duplicate schema index 
on {"actionType":1} found. This is often due to declaring 
an index using both "index: true" and "schema.index()". 
Please remove the duplicate index definition.
(node:27920) [MONGOOSE] Warning: Duplicate schema index 
on {"key":1} found. This is often due to declaring an 
index using both "index: true" and "schema.index()". 
Please remove the duplicate index definition.
(node:27920) [MONGOOSE] Warning: Duplicate schema index 
on {"adminId":1} found. This is often due to declaring an 
index using both "index: true" and "schema.index()". 
Please remove the duplicate index definition.
(node:27920) [MONGOOSE] Warning: Duplicate schema index 
on {"entityType":1} found. This is often due to declaring 
an index using both "index: true" and "schema.index()". 
Please remove the duplicate index definition.
(node:27920) [MONGOOSE] Warning: Duplicate schema index 
on {"status":1} found. This is often due to declaring an 
index using both "index: true" and "schema.index()". 
Please remove the duplicate index definition.
(node:27920) [MONGOOSE] Warning: Duplicate schema index 
on {"userId":1} found. This is often due to declaring an 
index using both "index: true" and "schema.index()". 
Please remove the duplicate index definition.
(node:27920) [MONGOOSE] Warning: Duplicate schema index 
on {"type":1} found. This is often due to declaring an 
index using both "index: true" and "schema.index()". 
Please remove the duplicate index definition.
(node:27920) [MONGOOSE] Warning: Duplicate schema index 
on {"linkedSadhanaId":1} found. This is often due to 
declaring an index using both "index: true" and 
"schema.index()". Please remove the duplicate index 
definition.
(node:27920) [MONGOOSE] Warning: Duplicate schema index 
on {"bookId":1} found. This is often due to declaring an 
index using both "index: true" and "schema.index()". 
Please remove the duplicate index definition.
(node:27920) [MONGOOSE] Warning: Duplicate schema index 
on {"userId":1} found. This is often due to declaring an 
index using both "index: true" and "schema.index()". 
Please remove the duplicate index definition.
(node:27920) [MONGOOSE] Warning: Duplicate schema index 
on {"status":1} found. This is often due to declaring an 
index using both "index: true" and "schema.index()". 
Please remove the duplicate index definition.
(node:27920) [MONGOOSE] Warning: Duplicate schema index 
on {"reporterId":1} found. This is often due to declaring 
an index using both "index: true" and "schema.index()". 
Please remove the duplicate index definition.
(node:27920) [MONGOOSE] Warning: Duplicate schema index 
on {"status":1} found. This is often due to declaring an 
index using both "index: true" and "schema.index()". 
Please remove the duplicate index definition.
(node:27920) [MONGOOSE] Warning: Duplicate schema index 
on {"severity":1} found. This is often due to declaring 
an index using both "index: true" and "schema.index()". 
Please remove the duplicate index definition.
(node:27920) [MONGOOSE] Warning: Duplicate schema index 
on {"status":1} found. This is often due to declaring an 
index using both "index: true" and "schema.index()". 
Please remove the duplicate index definition.
(node:27920) [MONGOOSE] Warning: Duplicate schema index 
on {"startDate":1} found. This is often due to declaring 
an index using both "index: true" and "schema.index()". 
Please remove the duplicate index definition.
(node:27920) [MONGOOSE] Warning: Duplicate schema index 
on {"experimentName":1} found. This is often due to 
declaring an index using both "index: true" and 
"schema.index()". Please remove the duplicate index 
definition.
(node:27920) [MONGOOSE] Warning: Duplicate schema index 
on {"userId":1} found. This is often due to declaring an 
index using both "index: true" and "schema.index()". 
Please remove the duplicate index definition.
(node:27920) [MONGOOSE] Warning: Duplicate schema index 
on {"status":1} found. This is often due to declaring an 
index using both "index: true" and "schema.index()". 
Please remove the duplicate index definition.
(node:27920) [MONGOOSE] Warning: Duplicate schema index 
on {"category":1} found. This is often due to declaring 
an index using both "index: true" and "schema.index()". 
Please remove the duplicate index definition.
(node:27920) [MONGOOSE] Warning: Duplicate schema index 
on {"userId":1} found. This is often due to declaring an 
index using both "index: true" and "schema.index()". 
Please remove the duplicate index definition.
(node:27920) [MONGOOSE] Warning: Duplicate schema index 
on {"syncEnabled":1} found. This is often due to 
declaring an index using both "index: true" and 
"schema.index()". Please remove the duplicate index 
definition.
(node:27920) [MONGOOSE] Warning: Duplicate schema index 
on {"creatorId":1} found. This is often due to declaring 
an index using both "index: true" and "schema.index()". 
Please remove the duplicate index definition.
(node:27920) [MONGOOSE] Warning: Duplicate schema index 
on {"isPublic":1} found. This is often due to declaring 
an index using both "index: true" and "schema.index()". 
Please remove the duplicate index definition.
(node:27920) [MONGOOSE] Warning: Duplicate schema index 
on {"privacyLevel":1} found. This is often due to 
declaring an index using both "index: true" and 
"schema.index()". Please remove the duplicate index 
definition.
(node:27920) [MONGOOSE] Warning: Duplicate schema index 
on {"category":1} found. This is often due to declaring 
an index using both "index: true" and "schema.index()". 
Please remove the duplicate index definition.
(node:27920) [MONGOOSE] Warning: Duplicate schema index 
on {"groupId":1} found. This is often due to declaring an 
index using both "index: true" and "schema.index()". 
Please remove the duplicate index definition.
(node:27920) [MONGOOSE] Warning: Duplicate schema index 
on {"userId":1} found. This is often due to declaring an 
index using both "index: true" and "schema.index()". 
Please remove the duplicate index definition.
(node:27920) [MONGOOSE] Warning: Duplicate schema index 
on {"mentorId":1} found. This is often due to declaring 
an index using both "index: true" and "schema.index()". 
Please remove the duplicate index definition.
(node:27920) [MONGOOSE] Warning: Duplicate schema index 
on {"menteeId":1} found. This is often due to declaring 
an index using both "index: true" and "schema.index()". 
Please remove the duplicate index definition.
(node:27920) [MONGOOSE] Warning: Duplicate schema index 
on {"status":1} found. This is often due to declaring an 
index using both "index: true" and "schema.index()". 
Please remove the duplicate index definition.
(node:27920) [MONGOOSE] Warning: Duplicate schema index 
on {"mentorshipId":1} found. This is often due to 
declaring an index using both "index: true" and 
"schema.index()". Please remove the duplicate index 
definition.
(node:27920) [MONGOOSE] Warning: Duplicate schema index 
on {"achieved":1} found. This is often due to declaring 
an index using both "index: true" and "schema.index()". 
Please remove the duplicate index definition.
(node:27920) [MONGOOSE] Warning: Duplicate schema index 
on {"userId":1} found. This is often due to declaring an 
index using both "index: true" and "schema.index()". 
Please remove the duplicate index definition.
(node:27920) [MONGOOSE] Warning: Duplicate schema index 
on {"userId":1} found. This is often due to declaring an 
index using both "index: true" and "schema.index()". 
Please remove the duplicate index definition.
(node:27920) [MONGOOSE] Warning: Duplicate schema index 
on {"sadhanaId":1} found. This is often due to declaring 
an index using both "index: true" and "schema.index()". 
Please remove the duplicate index definition.
(node:27920) [MONGOOSE] Warning: Duplicate schema index 
on {"userId":1} found. This is often due to declaring an 
index using both "index: true" and "schema.index()". 
Please remove the duplicate index definition.
(node:27920) [MONGOOSE] Warning: Duplicate schema index 
on {"parentCommentId":1} found. This is often due to 
declaring an index using both "index: true" and 
"schema.index()". Please remove the duplicate index 
definition.
(node:27920) [MONGOOSE] Warning: Duplicate schema index 
on {"sadhanaId":1} found. This is often due to declaring 
an index using both "index: true" and "schema.index()". 
Please remove the duplicate index definition.
(node:27920) [MONGOOSE] Warning: Duplicate schema index 
on {"userId":1} found. This is often due to declaring an 
index using both "index: true" and "schema.index()". 
Please remove the duplicate index definition.
(node:27920) [MONGOOSE] Warning: Duplicate schema index 
on {"sadhanaId":1} found. This is often due to declaring 
an index using both "index: true" and "schema.index()". 
Please remove the duplicate index definition.
(node:27920) [MONGOOSE] Warning: Duplicate schema index 
on {"userId":1} found. This is often due to declaring an 
index using both "index: true" and "schema.index()". 
Please remove the duplicate index definition.
(node:27920) [MONGOOSE] Warning: Duplicate schema index 
on {"status":1} found. This is often due to declaring an 
index using both "index: true" and "schema.index()". 
Please remove the duplicate index definition.
(node:27920) [MONGOOSE] Warning: Duplicate schema index 
on {"sadhanaId":1} found. This is often due to declaring 
an index using both "index: true" and "schema.index()". 
Please remove the duplicate index definition.
(node:27920) [MONGOOSE] Warning: Duplicate schema index 
on {"userId":1} found. This is often due to declaring an 
index using both "index: true" and "schema.index()". 
Please remove the duplicate index definition.
(node:27920) [MONGOOSE] Warning: Duplicate schema index 
on {"privacyLevel":1} found. This is often due to 
declaring an index using both "index: true" and 
"schema.index()". Please remove the duplicate index 
definition.
(node:27920) [MONGOOSE] Warning: Duplicate schema index 
on {"isActive":1} found. This is often due to declaring 
an index using both "index: true" and "schema.index()". 
Please remove the duplicate index definition.
(node:27920) [MONGOOSE] Warning: Duplicate schema index 
on {"isFeatured":1} found. This is often due to declaring 
an index using both "index: true" and "schema.index()". 
Please remove the duplicate index definition.
(node:27920) [MONGOOSE] Warning: Duplicate schema index 
on {"sharedSadhanaId":1} found. This is often due to 
declaring an index using both "index: true" and 
"schema.index()". Please remove the duplicate index 
definition.
(node:27920) [MONGOOSE] Warning: Duplicate schema index 
on {"userId":1} found. This is often due to declaring an 
index using both "index: true" and "schema.index()". 
Please remove the duplicate index definition.
(node:27920) [MONGOOSE] Warning: Duplicate schema index 
on {"userId":1} found. This is often due to declaring an 
index using both "index: true" and "schema.index()". 
Please remove the duplicate index definition.
(node:27920) [MONGOOSE] Warning: Duplicate schema index 
on {"status":1} found. This is often due to declaring an 
index using both "index: true" and "schema.index()". 
Please remove the duplicate index definition.
(node:27920) [MONGOOSE] Warning: Duplicate schema index 
on {"isPublic":1} found. This is often due to declaring 
an index using both "index: true" and "schema.index()". 
Please remove the duplicate index definition.
(node:27920) [MONGOOSE] Warning: Duplicate schema index 
on {"isFeatured":1} found. This is often due to declaring 
an index using both "index: true" and "schema.index()". 
Please remove the duplicate index definition.
(node:27920) [MONGOOSE] Warning: Duplicate schema index 
on {"userId":1} found. This is often due to declaring an 
index using both "index: true" and "schema.index()". 
Please remove the duplicate index definition.
(node:27920) [MONGOOSE] Warning: Duplicate schema index 
on {"status":1} found. This is often due to declaring an 
index using both "index: true" and "schema.index()". 
Please remove the duplicate index definition.
(node:27920) [MONGOOSE] Warning: Duplicate schema index 
on {"priority":1} found. This is often due to declaring 
an index using both "index: true" and "schema.index()". 
Please remove the duplicate index definition.
(node:27920) [MONGOOSE] Warning: Duplicate schema index 
on {"metricName":1} found. This is often due to declaring 
an index using both "index: true" and "schema.index()". 
Please remove the duplicate index definition.
(node:27920) [MONGOOSE] Warning: Duplicate schema index 
on {"userId":1} found. This is often due to declaring an 
index using both "index: true" and "schema.index()". 
Please remove the duplicate index definition.
(node:27920) [MONGOOSE] Warning: Duplicate schema index 
on {"isRead":1} found. This is often due to declaring an 
index using both "index: true" and "schema.index()". 
Please remove the duplicate index definition.
(node:27920) [MONGOOSE] Warning: Duplicate schema index 
on {"userId":1} found. This is often due to declaring an 
index using both "index: true" and "schema.index()". 
Please remove the duplicate index definition.
(node:27920) [MONGOOSE] Warning: Duplicate schema index 
on {"email":1} found. This is often due to declaring an 
index using both "index: true" and "schema.index()". 
Please remove the duplicate index definition.
(node:27920) [MONGOOSE] Warning: Duplicate schema index 
on {"status":1} found. This is often due to declaring an 
index using both "index: true" and "schema.index()". 
Please remove the duplicate index definition.
PASS tests/tier1-crud-operations.test.js
  TIER 1 - Basic CRUD Service Operations
    User CRUD Operations
      ΓêÜ Should create user document with required 
fields (2 ms)
      ΓêÜ Should find user by email (1 ms)
      ΓêÜ Should update user fields (2 ms)
      ΓêÜ Should delete user document (2 ms)
    Book CRUD Operations
      ΓêÜ Should create book with title and author (1 ms)
      ΓêÜ Should query books by category (2 ms)
    Sadhana CRUD Operations
      ΓêÜ Should create sadhana with userId reference (1 
ms)
    Generic CRUD Pattern Validation
      ΓêÜ All Tier 1 models should support create/save (1 
ms)
      ΓêÜ All Tier 1 models should support read/find (2 
ms)
      ΓêÜ All Tier 1 models should support update 
operations (2 ms)
      ΓêÜ All Tier 1 models should support delete 
operations (2 ms)
    Tier 1 Service Refactoring Validation
      ΓêÜ All 12 Tier 1 services should be refactored (5 
ms)
      ΓêÜ Tier 1 services should use Mongoose exclusively 
(1 ms)
      ΓêÜ Tier 1 refactoring should maintain 100% 
backward compatibility (2 ms)
    TIER 1 FINAL VERIFICATION
      ΓêÜ Γ£à Tier 1 Service Refactoring Complete (1 ms)

(node:27920) [MONGOOSE] Warning: Duplicate schema index 
on {"userId":1} found. This is often due to declaring an 
index using both "index: true" and "schema.index()". 
Please remove the duplicate index definition.
(node:27920) [MONGOOSE] Warning: Duplicate schema index 
on {"status":1} found. This is often due to declaring an 
index using both "index: true" and "schema.index()". 
Please remove the duplicate index definition.
(node:27920) [MONGOOSE] Warning: Duplicate schema index 
on {"dueDate":1} found. This is often due to declaring an 
index using both "index: true" and "schema.index()". 
Please remove the duplicate index definition.
(node:27920) [MONGOOSE] Warning: Duplicate schema index 
on {"type":1} found. This is often due to declaring an 
index using both "index: true" and "schema.index()". 
Please remove the duplicate index definition.
(node:27920) [MONGOOSE] Warning: Duplicate schema index 
on {"isPublic":1} found. This is often due to declaring 
an index using both "index: true" and "schema.index()". 
Please remove the duplicate index definition.
(node:27920) [MONGOOSE] Warning: Duplicate schema index 
on {"email":1} found. This is often due to declaring an 
index using both "index: true" and "schema.index()". 
Please remove the duplicate index definition.
(node:27920) [MONGOOSE] Warning: Duplicate schema index 
on {"status":1} found. This is often due to declaring an 
index using both "index: true" and "schema.index()". 
Please remove the duplicate index definition.
(node:27920) [MONGOOSE] Warning: Duplicate schema index 
on {"userId":1} found. This is often due to declaring an 
index using both "index: true" and "schema.index()". 
Please remove the duplicate index definition.
(node:27920) [MONGOOSE] Warning: Duplicate schema index 
on {"actionType":1} found. This is often due to declaring 
an index using both "index: true" and "schema.index()". 
Please remove the duplicate index definition.
(node:27920) [MONGOOSE] Warning: Duplicate schema index 
on {"key":1} found. This is often due to declaring an 
index using both "index: true" and "schema.index()". 
Please remove the duplicate index definition.
(node:27920) [MONGOOSE] Warning: Duplicate schema index 
on {"adminId":1} found. This is often due to declaring an 
index using both "index: true" and "schema.index()". 
Please remove the duplicate index definition.
(node:27920) [MONGOOSE] Warning: Duplicate schema index 
on {"entityType":1} found. This is often due to declaring 
an index using both "index: true" and "schema.index()". 
Please remove the duplicate index definition.
(node:27920) [MONGOOSE] Warning: Duplicate schema index 
on {"status":1} found. This is often due to declaring an 
index using both "index: true" and "schema.index()". 
Please remove the duplicate index definition.
(node:27920) [MONGOOSE] Warning: Duplicate schema index 
on {"userId":1} found. This is often due to declaring an 
index using both "index: true" and "schema.index()". 
Please remove the duplicate index definition.
(node:27920) [MONGOOSE] Warning: Duplicate schema index 
on {"type":1} found. This is often due to declaring an 
index using both "index: true" and "schema.index()". 
Please remove the duplicate index definition.
(node:27920) [MONGOOSE] Warning: Duplicate schema index 
on {"linkedSadhanaId":1} found. This is often due to 
declaring an index using both "index: true" and 
"schema.index()". Please remove the duplicate index 
definition.
(node:27920) [MONGOOSE] Warning: Duplicate schema index 
on {"bookId":1} found. This is often due to declaring an 
index using both "index: true" and "schema.index()". 
Please remove the duplicate index definition.
(node:27920) [MONGOOSE] Warning: Duplicate schema index 
on {"userId":1} found. This is often due to declaring an 
index using both "index: true" and "schema.index()". 
Please remove the duplicate index definition.
(node:27920) [MONGOOSE] Warning: Duplicate schema index 
on {"status":1} found. This is often due to declaring an 
index using both "index: true" and "schema.index()". 
Please remove the duplicate index definition.
(node:27920) [MONGOOSE] Warning: Duplicate schema index 
on {"reporterId":1} found. This is often due to declaring 
an index using both "index: true" and "schema.index()". 
Please remove the duplicate index definition.
(node:27920) [MONGOOSE] Warning: Duplicate schema index 
on {"status":1} found. This is often due to declaring an 
index using both "index: true" and "schema.index()". 
Please remove the duplicate index definition.
(node:27920) [MONGOOSE] Warning: Duplicate schema index 
on {"severity":1} found. This is often due to declaring 
an index using both "index: true" and "schema.index()". 
Please remove the duplicate index definition.
(node:27920) [MONGOOSE] Warning: Duplicate schema index 
on {"status":1} found. This is often due to declaring an 
index using both "index: true" and "schema.index()". 
Please remove the duplicate index definition.
(node:27920) [MONGOOSE] Warning: Duplicate schema index 
on {"startDate":1} found. This is often due to declaring 
an index using both "index: true" and "schema.index()". 
Please remove the duplicate index definition.
(node:27920) [MONGOOSE] Warning: Duplicate schema index 
on {"experimentName":1} found. This is often due to 
declaring an index using both "index: true" and 
"schema.index()". Please remove the duplicate index 
definition.
(node:27920) [MONGOOSE] Warning: Duplicate schema index 
on {"userId":1} found. This is often due to declaring an 
index using both "index: true" and "schema.index()". 
Please remove the duplicate index definition.
(node:27920) [MONGOOSE] Warning: Duplicate schema index 
on {"status":1} found. This is often due to declaring an 
index using both "index: true" and "schema.index()". 
Please remove the duplicate index definition.
(node:27920) [MONGOOSE] Warning: Duplicate schema index 
on {"category":1} found. This is often due to declaring 
an index using both "index: true" and "schema.index()". 
Please remove the duplicate index definition.
(node:27920) [MONGOOSE] Warning: Duplicate schema index 
on {"userId":1} found. This is often due to declaring an 
index using both "index: true" and "schema.index()". 
Please remove the duplicate index definition.
(node:27920) [MONGOOSE] Warning: Duplicate schema index 
on {"syncEnabled":1} found. This is often due to 
declaring an index using both "index: true" and 
"schema.index()". Please remove the duplicate index 
definition.
(node:27920) [MONGOOSE] Warning: Duplicate schema index 
on {"creatorId":1} found. This is often due to declaring 
an index using both "index: true" and "schema.index()". 
Please remove the duplicate index definition.
(node:27920) [MONGOOSE] Warning: Duplicate schema index 
on {"isPublic":1} found. This is often due to declaring 
an index using both "index: true" and "schema.index()". 
Please remove the duplicate index definition.
(node:27920) [MONGOOSE] Warning: Duplicate schema index 
on {"privacyLevel":1} found. This is often due to 
declaring an index using both "index: true" and 
"schema.index()". Please remove the duplicate index 
definition.
(node:27920) [MONGOOSE] Warning: Duplicate schema index 
on {"category":1} found. This is often due to declaring 
an index using both "index: true" and "schema.index()". 
Please remove the duplicate index definition.
(node:27920) [MONGOOSE] Warning: Duplicate schema index 
on {"groupId":1} found. This is often due to declaring an 
index using both "index: true" and "schema.index()". 
Please remove the duplicate index definition.
(node:27920) [MONGOOSE] Warning: Duplicate schema index 
on {"userId":1} found. This is often due to declaring an 
index using both "index: true" and "schema.index()". 
Please remove the duplicate index definition.
(node:27920) [MONGOOSE] Warning: Duplicate schema index 
on {"mentorId":1} found. This is often due to declaring 
an index using both "index: true" and "schema.index()". 
Please remove the duplicate index definition.
(node:27920) [MONGOOSE] Warning: Duplicate schema index 
on {"menteeId":1} found. This is often due to declaring 
an index using both "index: true" and "schema.index()". 
Please remove the duplicate index definition.
(node:27920) [MONGOOSE] Warning: Duplicate schema index 
on {"status":1} found. This is often due to declaring an 
index using both "index: true" and "schema.index()". 
Please remove the duplicate index definition.
(node:27920) [MONGOOSE] Warning: Duplicate schema index 
on {"mentorshipId":1} found. This is often due to 
declaring an index using both "index: true" and 
"schema.index()". Please remove the duplicate index 
definition.
(node:27920) [MONGOOSE] Warning: Duplicate schema index 
on {"achieved":1} found. This is often due to declaring 
an index using both "index: true" and "schema.index()". 
Please remove the duplicate index definition.
(node:27920) [MONGOOSE] Warning: Duplicate schema index 
on {"userId":1} found. This is often due to declaring an 
index using both "index: true" and "schema.index()". 
Please remove the duplicate index definition.
(node:27920) [MONGOOSE] Warning: Duplicate schema index 
on {"userId":1} found. This is often due to declaring an 
index using both "index: true" and "schema.index()". 
Please remove the duplicate index definition.
(node:27920) [MONGOOSE] Warning: Duplicate schema index 
on {"sadhanaId":1} found. This is often due to declaring 
an index using both "index: true" and "schema.index()". 
Please remove the duplicate index definition.
(node:27920) [MONGOOSE] Warning: Duplicate schema index 
on {"userId":1} found. This is often due to declaring an 
index using both "index: true" and "schema.index()". 
Please remove the duplicate index definition.
(node:27920) [MONGOOSE] Warning: Duplicate schema index 
on {"parentCommentId":1} found. This is often due to 
declaring an index using both "index: true" and 
"schema.index()". Please remove the duplicate index 
definition.
(node:27920) [MONGOOSE] Warning: Duplicate schema index 
on {"sadhanaId":1} found. This is often due to declaring 
an index using both "index: true" and "schema.index()". 
Please remove the duplicate index definition.
(node:27920) [MONGOOSE] Warning: Duplicate schema index 
on {"userId":1} found. This is often due to declaring an 
index using both "index: true" and "schema.index()". 
Please remove the duplicate index definition.
(node:27920) [MONGOOSE] Warning: Duplicate schema index 
on {"sadhanaId":1} found. This is often due to declaring 
an index using both "index: true" and "schema.index()". 
Please remove the duplicate index definition.
(node:27920) [MONGOOSE] Warning: Duplicate schema index 
on {"userId":1} found. This is often due to declaring an 
index using both "index: true" and "schema.index()". 
Please remove the duplicate index definition.
(node:27920) [MONGOOSE] Warning: Duplicate schema index 
on {"status":1} found. This is often due to declaring an 
index using both "index: true" and "schema.index()". 
Please remove the duplicate index definition.
(node:27920) [MONGOOSE] Warning: Duplicate schema index 
on {"sadhanaId":1} found. This is often due to declaring 
an index using both "index: true" and "schema.index()". 
Please remove the duplicate index definition.
(node:27920) [MONGOOSE] Warning: Duplicate schema index 
on {"userId":1} found. This is often due to declaring an 
index using both "index: true" and "schema.index()". 
Please remove the duplicate index definition.
(node:27920) [MONGOOSE] Warning: Duplicate schema index 
on {"privacyLevel":1} found. This is often due to 
declaring an index using both "index: true" and 
"schema.index()". Please remove the duplicate index 
definition.
(node:27920) [MONGOOSE] Warning: Duplicate schema index 
on {"isActive":1} found. This is often due to declaring 
an index using both "index: true" and "schema.index()". 
Please remove the duplicate index definition.
(node:27920) [MONGOOSE] Warning: Duplicate schema index 
on {"isFeatured":1} found. This is often due to declaring 
an index using both "index: true" and "schema.index()". 
Please remove the duplicate index definition.
(node:27920) [MONGOOSE] Warning: Duplicate schema index 
on {"sharedSadhanaId":1} found. This is often due to 
declaring an index using both "index: true" and 
"schema.index()". Please remove the duplicate index 
definition.
(node:27920) [MONGOOSE] Warning: Duplicate schema index 
on {"userId":1} found. This is often due to declaring an 
index using both "index: true" and "schema.index()". 
Please remove the duplicate index definition.
(node:27920) [MONGOOSE] Warning: Duplicate schema index 
on {"userId":1} found. This is often due to declaring an 
index using both "index: true" and "schema.index()". 
Please remove the duplicate index definition.
(node:27920) [MONGOOSE] Warning: Duplicate schema index 
on {"status":1} found. This is often due to declaring an 
index using both "index: true" and "schema.index()". 
Please remove the duplicate index definition.
(node:27920) [MONGOOSE] Warning: Duplicate schema index 
on {"isPublic":1} found. This is often due to declaring 
an index using both "index: true" and "schema.index()". 
Please remove the duplicate index definition.
(node:27920) [MONGOOSE] Warning: Duplicate schema index 
on {"isFeatured":1} found. This is often due to declaring 
an index using both "index: true" and "schema.index()". 
Please remove the duplicate index definition.
(node:27920) [MONGOOSE] Warning: Duplicate schema index 
on {"userId":1} found. This is often due to declaring an 
index using both "index: true" and "schema.index()". 
Please remove the duplicate index definition.
(node:27920) [MONGOOSE] Warning: Duplicate schema index 
on {"status":1} found. This is often due to declaring an 
index using both "index: true" and "schema.index()". 
Please remove the duplicate index definition.
(node:27920) [MONGOOSE] Warning: Duplicate schema index 
on {"priority":1} found. This is often due to declaring 
an index using both "index: true" and "schema.index()". 
Please remove the duplicate index definition.
(node:27920) [MONGOOSE] Warning: Duplicate schema index 
on {"metricName":1} found. This is often due to declaring 
an index using both "index: true" and "schema.index()". 
Please remove the duplicate index definition.
(node:27920) [MONGOOSE] Warning: Duplicate schema index 
on {"userId":1} found. This is often due to declaring an 
index using both "index: true" and "schema.index()". 
Please remove the duplicate index definition.
(node:27920) [MONGOOSE] Warning: Duplicate schema index 
on {"isRead":1} found. This is often due to declaring an 
index using both "index: true" and "schema.index()". 
Please remove the duplicate index definition.
(node:27920) [MONGOOSE] Warning: Duplicate schema index 
on {"userId":1} found. This is often due to declaring an 
index using both "index: true" and "schema.index()". 
Please remove the duplicate index definition.
(node:27920) [MONGOOSE] Warning: Duplicate schema index 
on {"email":1} found. This is often due to declaring an 
index using both "index: true" and "schema.index()". 
Please remove the duplicate index definition.
(node:27920) [MONGOOSE] Warning: Duplicate schema index 
on {"status":1} found. This is often due to declaring an 
index using both "index: true" and "schema.index()". 
Please remove the duplicate index definition.
PASS tests/tier3-advanced-operations.test.js
  TIER 3 - Advanced Service Operations
    Complex Analytics Operations
      ΓêÜ userAnalyticsService should support aggregation 
with $match, $group, $sort (2 ms)
      ΓêÜ userAnalyticsService should compute percentiles 
and statistics (2 ms)
      ΓêÜ spiritualInsightService should generate 
community insights with grouping (1 ms)
    System Alert and Approval Operations
      ΓêÜ systemAlertService should manage alerts with 
severity levels (1 ms)
      ΓêÜ contentApprovalService should handle workflow 
without BaseService (2 ms)
    Dashboard and Backup Operations
      ΓêÜ dashboardService should manage custom layouts 
without BaseService (2 ms)
      ΓêÜ backupService should work with file-system 
operations (1 ms)
    Permission and Export Operations
      ΓêÜ permissionsService should enforce role-based 
access control (2 ms)
      ΓêÜ analyticsExportService should generate CSV and 
PDF reports (1 ms)
    Tier 3 BaseService Dependency Removal
      ΓêÜ contentApprovalService should not extend 
BaseService (1 ms)
      ΓêÜ dashboardService should not extend BaseService 
(1 ms)
      ΓêÜ All Tier 3 services should use Mongoose 
directly (1 ms)
    Advanced Aggregation Patterns
      ΓêÜ Should support $dateToString for date 
formatting (1 ms)
      ΓêÜ Should support $lookup for complex joins (2 ms)
      ΓêÜ Should support $unwind for array flattening (1 
ms)
      ΓêÜ Should support $facet for multi-pipeline 
aggregation (1 ms)
    Tier 3 Field Conversions
      ΓêÜ All system fields should be camelCase (3 ms)
      ΓêÜ All relationship IDs should be ObjectId (2 ms)
    Error Handling in Tier 3 Services
      ΓêÜ Complex services should have try-catch blocks 
(1 ms)
      ΓêÜ Services should return mock data on error 
(resilience) (1 ms)
    Tier 3 Service List Validation
      ΓêÜ Should have all 15 Tier 3 services refactored 
(1 ms)
      ΓêÜ All Tier 3 services should be MongoDB-ready (1 
ms)
    TIER 3 FINAL VERIFICATION
      ΓêÜ Γ£à Tier 3 Advanced Service Refactoring 
Complete (2 ms)

Test Suites: 4 failed, 4 passed, 8 total
Tests:       9 failed, 83 passed, 92 total
Snapshots:   0 total
Time:        27.901 s
Ran all test suites.
